{"level":"info","logDetailed":false,"message":"🚀 Servidor iniciado com sucesso na porta 3333","nodeEnv":"development","port":3333,"service":"btg-baixa-titulos-service","timestamp":"2026-05-08T03:32:50.336Z"}
{"level":"info","logDetailed":false,"message":"🚀 Servidor iniciado com sucesso na porta 3333","nodeEnv":"development","port":3333,"service":"btg-baixa-titulos-service","timestamp":"2026-05-08T04:05:10.918Z"}
{"level":"info","logDetailed":false,"message":"🚀 Servidor iniciado com sucesso na porta 3333","nodeEnv":"development","port":3333,"service":"btg-baixa-titulos-service","timestamp":"2026-05-08T04:17:02.237Z"}
{"level":"info","logDetailed":false,"message":"🚀 Servidor iniciado com sucesso na porta 3333","nodeEnv":"development","port":3333,"service":"btg-baixa-titulos-service","timestamp":"2026-05-08T04:20:32.311Z"}
{"level":"info","logDetailed":false,"message":"🚀 Servidor iniciado com sucesso na porta 3333","nodeEnv":"development","port":3333,"service":"btg-baixa-titulos-service","timestamp":"2026-05-08T04:20:38.946Z"}
{"level":"info","logDetailed":false,"message":"🚀 Servidor iniciado com sucesso na porta 3333","nodeEnv":"development","port":3333,"service":"btg-baixa-titulos-service","timestamp":"2026-05-08T04:20:58.670Z"}
{"level":"info","logDetailed":false,"message":"🚀 Servidor iniciado com sucesso na porta 3333","nodeEnv":"development","port":3333,"service":"btg-baixa-titulos-service","timestamp":"2026-05-08T04:21:25.252Z"}
{"level":"info","logDetailed":false,"message":"🚀 Servidor iniciado com sucesso na porta 3333","nodeEnv":"development","port":3333,"service":"btg-baixa-titulos-service","timestamp":"2026-05-08T04:22:10.939Z"}
{"level":"info","logDetailed":false,"message":"🚀 Servidor iniciado com sucesso na porta 3333","nodeEnv":"development","port":3333,"service":"btg-baixa-titulos-service","timestamp":"2026-05-08T04:22:11.972Z"}
{"level":"info","logDetailed":false,"message":"🚀 Servidor iniciado com sucesso na porta 3333","nodeEnv":"development","port":3333,"service":"btg-baixa-titulos-service","timestamp":"2026-05-08T04:22:21.408Z"}
{"level":"info","logDetailed":false,"message":"🚀 Servidor iniciado com sucesso na porta 3333","nodeEnv":"development","port":3333,"service":"btg-baixa-titulos-service","timestamp":"2026-05-08T04:23:12.490Z"}
{"level":"info","logDetailed":false,"message":"🚀 Servidor iniciado com sucesso na porta 3333","nodeEnv":"development","port":3333,"service":"btg-baixa-titulos-service","timestamp":"2026-05-08T04:23:26.172Z"}
{"level":"info","logDetailed":false,"message":"🚀 Servidor iniciado com sucesso na porta 3333","nodeEnv":"development","port":3333,"service":"btg-baixa-titulos-service","timestamp":"2026-05-08T04:33:32.677Z"}
{"level":"info","logDetailed":false,"message":"🚀 Servidor iniciado com sucesso na porta 3333","nodeEnv":"development","port":3333,"service":"btg-baixa-titulos-service","timestamp":"2026-05-08T04:33:40.143Z"}
{"level":"info","logDetailed":false,"message":"🚀 Servidor iniciado com sucesso na porta 3333","nodeEnv":"development","port":3333,"service":"btg-baixa-titulos-service","timestamp":"2026-05-08T04:38:17.945Z"}
{"level":"info","logDetailed":false,"message":"🚀 Servidor iniciado com sucesso na porta 3333","nodeEnv":"development","port":3333,"service":"btg-baixa-titulos-service","timestamp":"2026-05-08T04:38:47.810Z"}
{"level":"info","logDetailed":false,"message":"🚀 Servidor iniciado com sucesso na porta 3333","nodeEnv":"development","port":3333,"service":"btg-baixa-titulos-service","timestamp":"2026-05-08T05:03:10.220Z"}
{"level":"info","message":"🔐 Iniciando login no Millennium","service":"btg-baixa-titulos-service","timestamp":"2026-05-08T05:03:23.501Z"}
{"level":"info","message":"🔐 Iniciando login no Millennium","service":"btg-baixa-titulos-service","timestamp":"2026-05-08T05:04:27.597Z"}
{"level":"info","message":"🔐 Iniciando login no Millennium","service":"btg-baixa-titulos-service","timestamp":"2026-05-08T05:04:37.867Z"}
{"level":"info","message":"🔐 Iniciando login no Millennium","service":"btg-baixa-titulos-service","timestamp":"2026-05-08T05:04:57.524Z"}
{"level":"info","message":"🔐 Iniciando login no Millennium","service":"btg-baixa-titulos-service","timestamp":"2026-05-08T05:05:01.032Z"}
{"level":"info","logDetailed":false,"message":"🚀 Servidor iniciado com sucesso na porta 3333","nodeEnv":"development","port":3333,"service":"btg-baixa-titulos-service","timestamp":"2026-05-08T05:05:07.688Z"}
{"level":"info","message":"🔐 Iniciando login no Millennium","service":"btg-baixa-titulos-service","timestamp":"2026-05-08T05:05:12.351Z"}
{"level":"info","message":"✅ Login Millennium realizado com sucesso","service":"btg-baixa-titulos-service","timestamp":"2026-05-08T05:05:12.426Z"}
{"level":"info","message":"🔒 Finalizando sessão Millennium","service":"btg-baixa-titulos-service","timestamp":"2026-05-08T05:05:12.427Z"}
{"level":"info","message":"✅ Sessão Millennium finalizada com sucesso","service":"btg-baixa-titulos-service","timestamp":"2026-05-08T05:05:12.447Z"}
{"level":"info","message":"🔐 Iniciando login no Millennium","service":"btg-baixa-titulos-service","timestamp":"2026-05-08T05:06:07.798Z"}
{"level":"info","message":"✅ Login Millennium realizado com sucesso","service":"btg-baixa-titulos-service","timestamp":"2026-05-08T05:06:07.863Z"}
{"level":"info","message":"🔒 Finalizando sessão Millennium","service":"btg-baixa-titulos-service","timestamp":"2026-05-08T05:06:07.863Z"}
{"level":"info","message":"✅ Sessão Millennium finalizada com sucesso","service":"btg-baixa-titulos-service","timestamp":"2026-05-08T05:06:07.878Z"}
{"level":"info","message":"🔐 Iniciando login no Millennium","service":"btg-baixa-titulos-service","timestamp":"2026-05-08T05:06:36.567Z"}
{"level":"info","message":"✅ Login Millennium realizado com sucesso","service":"btg-baixa-titulos-service","timestamp":"2026-05-08T05:06:36.680Z"}
{"level":"info","message":"🔒 Finalizando sessão Millennium","service":"btg-baixa-titulos-service","timestamp":"2026-05-08T05:06:36.680Z"}
{"level":"info","message":"✅ Sessão Millennium finalizada com sucesso","service":"btg-baixa-titulos-service","timestamp":"2026-05-08T05:06:36.695Z"}
{"level":"info","logDetailed":false,"message":"🚀 Servidor iniciado com sucesso na porta 3333","nodeEnv":"development","port":3333,"service":"btg-baixa-titulos-service","timestamp":"2026-05-08T05:14:51.067Z"}
{"level":"info","message":"🔐 Iniciando login no Millennium","service":"btg-baixa-titulos-service","timestamp":"2026-05-08T05:15:03.680Z"}
{"level":"info","message":"✅ Login Millennium realizado com sucesso","service":"btg-baixa-titulos-service","timestamp":"2026-05-08T05:15:03.765Z"}
{"level":"info","message":"🌐 Millennium request: GET /MILLENIUM!JOIN_ONEUP.LANCAMENTOS.CONSULTALANCAMENTOS?cnpj=57408548000192&n_documento=FRE+122429","service":"btg-baixa-titulos-service","timestamp":"2026-05-08T05:15:03.766Z"}
{"level":"info","logDetailed":false,"message":"🚀 Servidor iniciado com sucesso na porta 3333","nodeEnv":"development","port":3333,"service":"btg-baixa-titulos-service","timestamp":"2026-05-08T05:21:54.585Z"}
{"level":"info","logDetailed":false,"message":"🚀 Servidor iniciado com sucesso na porta 3333","nodeEnv":"development","port":3333,"service":"btg-baixa-titulos-service","timestamp":"2026-05-08T05:22:01.230Z"}
{"level":"info","logDetailed":false,"message":"🚀 Servidor iniciado com sucesso na porta 3333","nodeEnv":"development","port":3333,"service":"btg-baixa-titulos-service","timestamp":"2026-05-08T05:22:25.605Z"}
{"level":"info","logDetailed":false,"message":"🚀 Servidor iniciado com sucesso na porta 3333","nodeEnv":"development","port":3333,"service":"btg-baixa-titulos-service","timestamp":"2026-05-08T05:22:27.717Z"}
{"level":"info","logDetailed":false,"message":"🚀 Servidor iniciado com sucesso na porta 3333","nodeEnv":"development","port":3333,"service":"btg-baixa-titulos-service","timestamp":"2026-05-08T05:22:29.383Z"}
{"level":"info","message":"🔐 Iniciando login no Millennium","service":"btg-baixa-titulos-service","timestamp":"2026-05-08T05:22:46.371Z"}
{"level":"info","message":"✅ Login Millennium realizado com sucesso","service":"btg-baixa-titulos-service","timestamp":"2026-05-08T05:22:46.457Z"}
{"level":"info","message":"🌐 Millennium request: GET /MILLENIUM!JOIN_ONEUP.LANCAMENTOS.CONSULTALANCAMENTOS?cnpj=57.408.548%2F0001-92&n_documento=FRE%20122429","service":"btg-baixa-titulos-service","timestamp":"2026-05-08T05:22:46.458Z"}
{"level":"info","message":"🌐 Millennium request: GET /MILLENIUM!JOIN_ONEUP.LANCAMENTOS.CONSULTALANCAMENTOS?cnpj=57.408.548%2F0001-92&n_documento=FRE%20122429","service":"btg-baixa-titulos-service","timestamp":"2026-05-08T05:23:10.994Z"}
{"level":"info","message":"🌐 Millennium request: GET /MILLENIUM!JOIN_ONEUP.LANCAMENTOS.CONSULTALANCAMENTOS?cnpj=57.408.548%2F0001-92&n_documento=FRE%20122429","service":"btg-baixa-titulos-service","timestamp":"2026-05-08T05:24:59.015Z"}
{"level":"info","logDetailed":false,"message":"🚀 Servidor iniciado com sucesso na porta 3333","nodeEnv":"development","port":3333,"service":"btg-baixa-titulos-service","timestamp":"2026-05-08T05:33:02.272Z"}
{"lancamento":1434927655,"level":"info","message":"📝 Atualizando título FRE 122429","payload":{"lancamento":1434927655,"linhaDigitavel":"20890050091742604612848031005803714310000039793","nossoNumero":"30175674260461248","valorJuros":0.04},"service":"btg-baixa-titulos-service","timestamp":"2026-05-08T05:35:40.891Z"}
{"level":"info","message":"🔐 Iniciando login no Millennium","service":"btg-baixa-titulos-service","timestamp":"2026-05-08T05:35:40.893Z"}
{"level":"info","message":"✅ Login Millennium realizado com sucesso","service":"btg-baixa-titulos-service","timestamp":"2026-05-08T05:35:41.813Z"}
{"level":"info","message":"🌐 Millennium request: POST /MILLENIUM!JOIN_ONEUP.LANCAMENTOS.INSEREINFO","service":"btg-baixa-titulos-service","timestamp":"2026-05-08T05:35:41.814Z"}
{"lancamento":1434927655,"level":"info","message":"✅ Título atualizado com sucesso","numeroDocumento":"FRE 122429","service":"btg-baixa-titulos-service","timestamp":"2026-05-08T05:35:41.898Z","transId":340323298}
{"level":"info","logDetailed":false,"message":"🚀 Servidor iniciado com sucesso na porta 3333","nodeEnv":"development","port":3333,"service":"btg-baixa-titulos-service","timestamp":"2026-05-08T05:44:07.289Z"}
{"lancamento":1434927655,"level":"info","message":"💰 Iniciando baixa do título FRE 122429","payload":{"CONCILIADO":true,"CONTA":1431333535,"DATA_PAGAMENTO":"29/04/2026","EFETUADO":true,"FILIAL":5,"GERA_OUTRO":false,"LANCAMENTO":1434927655,"OBS":"2026-05-08T05:44:09.425Z - Baixa por retorno automacao importacao excel","STATUS_BAIXA":"N","VALOR":397.93},"service":"btg-baixa-titulos-service","timestamp":"2026-05-08T05:44:09.426Z"}
{"level":"info","message":"🔐 Iniciando login no Millennium","service":"btg-baixa-titulos-service","timestamp":"2026-05-08T05:44:09.426Z"}
{"level":"info","message":"✅ Login Millennium realizado com sucesso","service":"btg-baixa-titulos-service","timestamp":"2026-05-08T05:44:09.576Z"}
{"level":"info","message":"🌐 Millennium request: POST /millenium/titulos/baixa","service":"btg-baixa-titulos-service","timestamp":"2026-05-08T05:44:09.577Z"}
{"data":{"error":{"code":400,"message":{"lang":"en-us","value":"Remote Call Error:(millenium.titulos.baixa) (EwtsMethodError) \r\nErro baixando lançamento. O lançamento n. FRE 122429 já está efetuado."}}},"level":"error","message":"❌ Erro na requisição Millennium Request failed with status code 400","method":"POST","service":"btg-baixa-titulos-service","status":400,"timestamp":"2026-05-08T05:44:10.710Z","url":"/millenium/titulos/baixa"}
{"level":"info","logDetailed":false,"message":"🚀 Servidor iniciado com sucesso na porta 3333","nodeEnv":"development","port":3333,"service":"btg-baixa-titulos-service","timestamp":"2026-05-08T05:51:22.220Z"}
{"level":"info","message":"🔐 Iniciando login no Millennium","service":"btg-baixa-titulos-service","timestamp":"2026-05-08T05:51:36.024Z"}
{"level":"info","message":"✅ Login Millennium realizado com sucesso","service":"btg-baixa-titulos-service","timestamp":"2026-05-08T05:51:36.112Z"}
{"level":"info","message":"🔒 Finalizando sessão Millennium","service":"btg-baixa-titulos-service","timestamp":"2026-05-08T05:51:36.113Z"}
{"level":"info","message":"✅ Sessão Millennium finalizada com sucesso","service":"btg-baixa-titulos-service","timestamp":"2026-05-08T05:51:36.215Z"}
{"level":"info","message":"🔐 Iniciando login no Millennium","service":"btg-baixa-titulos-service","timestamp":"2026-05-08T05:51:41.169Z"}
{"level":"info","message":"✅ Login Millennium realizado com sucesso","service":"btg-baixa-titulos-service","timestamp":"2026-05-08T05:51:41.208Z"}
{"level":"info","message":"🌐 Millennium request: GET /MILLENIUM!JOIN_ONEUP.LANCAMENTOS.CONSULTALANCAMENTOS?cnpj=57.408.548%2F0001-92&n_documento=FRE%20122429","service":"btg-baixa-titulos-service","timestamp":"2026-05-08T05:51:41.209Z"}
{"lancamento":1434927655,"level":"info","message":"📝 Atualizando título FRE 122429","payload":{"lancamento":1434927655,"linhaDigitavel":"20890050091742604612848031005803714310000039793","nossoNumero":"30175674260461248","valorJuros":0.04},"service":"btg-baixa-titulos-service","timestamp":"2026-05-08T05:51:58.770Z"}
{"level":"info","message":"🌐 Millennium request: POST /MILLENIUM!JOIN_ONEUP.LANCAMENTOS.INSEREINFO","service":"btg-baixa-titulos-service","timestamp":"2026-05-08T05:51:58.773Z"}
{"lancamento":1434927655,"level":"info","message":"✅ Título atualizado com sucesso","numeroDocumento":"FRE 122429","service":"btg-baixa-titulos-service","timestamp":"2026-05-08T05:51:58.878Z","transId":340323302}
{"lancamento":1434927655,"level":"info","message":"💰 Iniciando baixa do título FRE 122429","payload":{"CONCILIADO":true,"CONTA":1431333535,"DATA_PAGAMENTO":"29/04/2026","EFETUADO":true,"FILIAL":5,"GERA_OUTRO":false,"LANCAMENTO":1434927655,"OBS":"2026-05-08T05:52:15.063Z - Baixa por retorno automacao importacao excel","STATUS_BAIXA":"N","VALOR":397.93},"service":"btg-baixa-titulos-service","timestamp":"2026-05-08T05:52:15.064Z"}
{"level":"info","message":"🌐 Millennium request: POST /millenium/titulos/baixa","service":"btg-baixa-titulos-service","timestamp":"2026-05-08T05:52:15.065Z"}
{"baixa":1435951765,"level":"info","message":"✅ Título baixado com sucesso","numeroDocumento":"FRE 122429","service":"btg-baixa-titulos-service","timestamp":"2026-05-08T05:52:16.704Z","valor":397.93}
{"level":"info","logDetailed":false,"message":"🚀 Servidor iniciado com sucesso na porta 3333","nodeEnv":"development","port":3333,"service":"btg-baixa-titulos-service","timestamp":"2026-05-08T06:08:24.095Z"}
{"level":"info","message":"🔐 Iniciando login no Millennium","service":"btg-baixa-titulos-service","timestamp":"2026-05-08T06:08:29.736Z"}
{"level":"info","message":"✅ Login Millennium realizado com sucesso","service":"btg-baixa-titulos-service","timestamp":"2026-05-08T06:08:29.807Z"}
{"level":"info","message":"🚀 Iniciando processamento de 11 títulos","service":"btg-baixa-titulos-service","timestamp":"2026-05-08T06:08:29.807Z"}
{"level":"info","message":"🔎 Processando título FRE 122429","service":"btg-baixa-titulos-service","timestamp":"2026-05-08T06:08:29.807Z"}
{"level":"info","message":"🌐 Millennium request: GET /MILLENIUM!JOIN_ONEUP.LANCAMENTOS.CONSULTALANCAMENTOS?cnpj=57.408.548%2F0001-92&n_documento=FRE%20122429","service":"btg-baixa-titulos-service","timestamp":"2026-05-08T06:08:29.808Z"}
{"level":"info","logDetailed":false,"message":"🚀 Servidor iniciado com sucesso na porta 3333","nodeEnv":"development","port":3333,"service":"btg-baixa-titulos-service","timestamp":"2026-05-08T06:08:30.109Z"}
{"level":"info","message":"🔐 Iniciando login no Millennium","service":"btg-baixa-titulos-service","timestamp":"2026-05-08T06:08:49.890Z"}
{"level":"info","message":"✅ Login Millennium realizado com sucesso","service":"btg-baixa-titulos-service","timestamp":"2026-05-08T06:08:49.964Z"}
{"level":"info","message":"🚀 Iniciando processamento de 11 títulos","service":"btg-baixa-titulos-service","timestamp":"2026-05-08T06:08:49.965Z"}
{"level":"info","message":"🔎 Processando título FRE 122429","service":"btg-baixa-titulos-service","timestamp":"2026-05-08T06:08:49.965Z"}
{"level":"info","message":"🌐 Millennium request: GET /MILLENIUM!JOIN_ONEUP.LANCAMENTOS.CONSULTALANCAMENTOS?cnpj=57.408.548%2F0001-92&n_documento=FRE%20122429","service":"btg-baixa-titulos-service","timestamp":"2026-05-08T06:08:49.965Z"}
{"lancamento":1434927655,"level":"info","message":"📝 Atualizando título FRE 122429","payload":{"lancamento":1434927655,"linhaDigitavel":"20890050091742604612848031005803714310000039793","nossoNumero":"30175674260461248","valorJuros":0},"service":"btg-baixa-titulos-service","timestamp":"2026-05-08T06:08:49.998Z"}
{"level":"info","message":"🌐 Millennium request: POST /MILLENIUM!JOIN_ONEUP.LANCAMENTOS.INSEREINFO","service":"btg-baixa-titulos-service","timestamp":"2026-05-08T06:08:49.999Z"}
{"level":"info","logDetailed":false,"message":"🚀 Servidor iniciado com sucesso na porta 3333","nodeEnv":"development","port":3333,"service":"btg-baixa-titulos-service","timestamp":"2026-05-08T06:08:50.279Z"}
{"level":"info","logDetailed":false,"message":"🚀 Servidor iniciado com sucesso na porta 3333","nodeEnv":"development","port":3333,"service":"btg-baixa-titulos-service","timestamp":"2026-05-08T06:09:07.142Z"}
{"level":"info","message":"🔐 Iniciando login no Millennium","service":"btg-baixa-titulos-service","timestamp":"2026-05-08T06:09:10.568Z"}
{"level":"info","logDetailed":false,"message":"🚀 Servidor iniciado com sucesso na porta 3333","nodeEnv":"development","port":3333,"service":"btg-baixa-titulos-service","timestamp":"2026-05-08T06:09:10.961Z"}
{"level":"info","logDetailed":false,"message":"🚀 Servidor iniciado com sucesso na porta 3333","nodeEnv":"development","port":3333,"service":"btg-baixa-titulos-service","timestamp":"2026-05-08T06:12:50.431Z"}
{"level":"info","message":"🔐 Iniciando login no Millennium","service":"btg-baixa-titulos-service","timestamp":"2026-05-08T06:12:52.850Z"}
{"level":"info","message":"ℹ️ Nenhuma sessão Millennium ativa para finalizar","service":"btg-baixa-titulos-service","timestamp":"2026-05-08T06:13:22.867Z"}
{"level":"info","logDetailed":false,"message":"🚀 Servidor iniciado com sucesso na porta 3333","nodeEnv":"development","port":3333,"service":"btg-baixa-titulos-service","timestamp":"2026-05-08T06:18:21.023Z"}
{"level":"info","logDetailed":false,"message":"🚀 Servidor iniciado com sucesso na porta 3333","nodeEnv":"development","port":3333,"service":"btg-baixa-titulos-service","timestamp":"2026-05-08T06:19:11.209Z"}
{"level":"info","message":"🔐 Iniciando login no Millennium","service":"btg-baixa-titulos-service","timestamp":"2026-05-08T06:19:16.925Z"}
{"level":"info","message":"✅ Login Millennium realizado com sucesso","service":"btg-baixa-titulos-service","timestamp":"2026-05-08T06:19:16.993Z"}
{"level":"info","message":"🚀 Iniciando processamento de 11 títulos","service":"btg-baixa-titulos-service","timestamp":"2026-05-08T06:19:16.993Z"}
{"level":"info","message":"🔎 Processando título FRE 122429","service":"btg-baixa-titulos-service","timestamp":"2026-05-08T06:19:16.993Z"}
{"level":"info","message":"🌐 Millennium request: GET /MILLENIUM!JOIN_ONEUP.LANCAMENTOS.CONSULTALANCAMENTOS?cnpj=57.408.548%2F0001-92&n_documento=FRE%20122429","service":"btg-baixa-titulos-service","timestamp":"2026-05-08T06:19:16.994Z"}
{"lancamento":1434927655,"level":"info","message":"📝 Atualizando título FRE 122429","payload":{"lancamento":1434927655,"linhaDigitavel":"20890050091742604612848031005803714310000039793","nossoNumero":"30175674260461248","valorJuros":0},"service":"btg-baixa-titulos-service","timestamp":"2026-05-08T06:19:17.017Z"}
{"level":"info","message":"🌐 Millennium request: POST /MILLENIUM!JOIN_ONEUP.LANCAMENTOS.INSEREINFO","service":"btg-baixa-titulos-service","timestamp":"2026-05-08T06:19:17.018Z"}
{"lancamento":1434927655,"level":"info","message":"✅ Título atualizado com sucesso","numeroDocumento":"FRE 122429","service":"btg-baixa-titulos-service","timestamp":"2026-05-08T06:19:17.055Z","transId":340323559}
{"lancamento":1434927655,"level":"info","message":"💰 Iniciando baixa do título FRE 122429","payload":{"CONCILIADO":true,"CONTA":1431333535,"DATA_PAGAMENTO":"29/04/2026","EFETUADO":true,"FILIAL":5,"GERA_OUTRO":false,"LANCAMENTO":1434927655,"OBS":"2026-05-08T06:19:17.055Z - Baixa por retorno automacao importacao excel","STATUS_BAIXA":"N","VALOR":397.93},"service":"btg-baixa-titulos-service","timestamp":"2026-05-08T06:19:17.056Z"}
{"level":"info","message":"🌐 Millennium request: POST /millenium/titulos/baixa","service":"btg-baixa-titulos-service","timestamp":"2026-05-08T06:19:17.056Z"}
{"baixa":1435951766,"level":"info","message":"✅ Título baixado com sucesso","numeroDocumento":"FRE 122429","service":"btg-baixa-titulos-service","timestamp":"2026-05-08T06:19:17.301Z","valor":397.93}
{"level":"info","message":"✅ Fluxo concluído para FRE 122429","service":"btg-baixa-titulos-service","timestamp":"2026-05-08T06:19:17.302Z"}
{"level":"info","message":"🔎 Processando título FRE 122404","service":"btg-baixa-titulos-service","timestamp":"2026-05-08T06:19:17.304Z"}
{"level":"info","message":"🌐 Millennium request: GET /MILLENIUM!JOIN_ONEUP.LANCAMENTOS.CONSULTALANCAMENTOS?cnpj=03.294.992%2F0001-03&n_documento=FRE%20122404","service":"btg-baixa-titulos-service","timestamp":"2026-05-08T06:19:17.304Z"}
{"erro":"Divergência de valor no título FRE 122404","level":"error","message":"❌ Erro no título FRE 122404","service":"btg-baixa-titulos-service","status":"ERRO_CONSULTA","timestamp":"2026-05-08T06:19:17.324Z"}
{"level":"info","message":"🔎 Processando título FRE 122395","service":"btg-baixa-titulos-service","timestamp":"2026-05-08T06:19:17.325Z"}
{"level":"info","message":"🌐 Millennium request: GET /MILLENIUM!JOIN_ONEUP.LANCAMENTOS.CONSULTALANCAMENTOS?cnpj=02.355.679%2F0001-67&n_documento=FRE%20122395","service":"btg-baixa-titulos-service","timestamp":"2026-05-08T06:19:17.325Z"}
{"lancamento":1434927659,"level":"info","message":"📝 Atualizando título FRE 122395","payload":{"lancamento":1434927659,"linhaDigitavel":"20890050091533104603577031005802614310000023649","nossoNumero":"99185453310460377","valorJuros":0},"service":"btg-baixa-titulos-service","timestamp":"2026-05-08T06:19:17.345Z"}
{"level":"info","message":"🌐 Millennium request: POST /MILLENIUM!JOIN_ONEUP.LANCAMENTOS.INSEREINFO","service":"btg-baixa-titulos-service","timestamp":"2026-05-08T06:19:17.345Z"}
{"lancamento":1434927659,"level":"info","message":"✅ Título atualizado com sucesso","numeroDocumento":"FRE 122395","service":"btg-baixa-titulos-service","timestamp":"2026-05-08T06:19:17.377Z","transId":340323561}
{"lancamento":1434927659,"level":"info","message":"💰 Iniciando baixa do título FRE 122395","payload":{"CONCILIADO":true,"CONTA":1431333535,"DATA_PAGAMENTO":"28/04/2026","EFETUADO":true,"FILIAL":5,"GERA_OUTRO":false,"LANCAMENTO":1434927659,"OBS":"2026-05-08T06:19:17.377Z - Baixa por retorno automacao importacao excel","STATUS_BAIXA":"N","VALOR":236.49},"service":"btg-baixa-titulos-service","timestamp":"2026-05-08T06:19:17.377Z"}
{"level":"info","message":"🌐 Millennium request: POST /millenium/titulos/baixa","service":"btg-baixa-titulos-service","timestamp":"2026-05-08T06:19:17.377Z"}
{"baixa":1435951767,"level":"info","message":"✅ Título baixado com sucesso","numeroDocumento":"FRE 122395","service":"btg-baixa-titulos-service","timestamp":"2026-05-08T06:19:17.444Z","valor":236.49}
{"level":"info","message":"✅ Fluxo concluído para FRE 122395","service":"btg-baixa-titulos-service","timestamp":"2026-05-08T06:19:17.444Z"}
{"level":"info","message":"🔎 Processando título FRE 122341","service":"btg-baixa-titulos-service","timestamp":"2026-05-08T06:19:17.445Z"}
{"level":"info","message":"🌐 Millennium request: GET /MILLENIUM!JOIN_ONEUP.LANCAMENTOS.CONSULTALANCAMENTOS?cnpj=01.009.793%2F0001-72&n_documento=FRE%20122341","service":"btg-baixa-titulos-service","timestamp":"2026-05-08T06:19:17.445Z"}
{"lancamento":1434927654,"level":"info","message":"📝 Atualizando título FRE 122341","payload":{"lancamento":1434927654,"linhaDigitavel":"20890050091747604599618031005806914310000017454","nossoNumero":"74392274760459918","valorJuros":0},"service":"btg-baixa-titulos-service","timestamp":"2026-05-08T06:19:17.465Z"}
{"level":"info","message":"🌐 Millennium request: POST /MILLENIUM!JOIN_ONEUP.LANCAMENTOS.INSEREINFO","service":"btg-baixa-titulos-service","timestamp":"2026-05-08T06:19:17.465Z"}
{"lancamento":1434927654,"level":"info","message":"✅ Título atualizado com sucesso","numeroDocumento":"FRE 122341","service":"btg-baixa-titulos-service","timestamp":"2026-05-08T06:19:17.484Z","transId":340323563}
{"lancamento":1434927654,"level":"info","message":"💰 Iniciando baixa do título FRE 122341","payload":{"CONCILIADO":true,"CONTA":1431333549,"DATA_PAGAMENTO":"29/04/2026","EFETUADO":true,"FILIAL":5,"GERA_OUTRO":false,"LANCAMENTO":1434927654,"OBS":"2026-05-08T06:19:17.484Z - Baixa por retorno automacao importacao excel","STATUS_BAIXA":"N","VALOR":174.54},"service":"btg-baixa-titulos-service","timestamp":"2026-05-08T06:19:17.484Z"}
{"level":"info","message":"🌐 Millennium request: POST /millenium/titulos/baixa","service":"btg-baixa-titulos-service","timestamp":"2026-05-08T06:19:17.484Z"}
{"data":{"error":{"code":400,"message":{"lang":"en-us","value":"Remote Call Error:(millenium.titulos.baixa) (EwtsMethodError) \r\nErro baixando lançamento. O lançamento n. FRE 122341 já está efetuado."}}},"level":"error","message":"❌ Erro na requisição Millennium Request failed with status code 400","method":"POST","service":"btg-baixa-titulos-service","status":400,"timestamp":"2026-05-08T06:19:17.507Z","url":"/millenium/titulos/baixa"}
{"erro":"Request failed with status code 400","level":"error","message":"❌ Erro no título FRE 122341","service":"btg-baixa-titulos-service","status":"ERRO_DESCONHECIDO","timestamp":"2026-05-08T06:19:17.507Z"}
{"level":"info","message":"🔎 Processando título CORRE 122599","service":"btg-baixa-titulos-service","timestamp":"2026-05-08T06:19:17.508Z"}
{"level":"info","message":"🌐 Millennium request: GET /MILLENIUM!JOIN_ONEUP.LANCAMENTOS.CONSULTALANCAMENTOS?cnpj=57.408.548%2F0001-92&n_documento=CORRE%20122599","service":"btg-baixa-titulos-service","timestamp":"2026-05-08T06:19:17.508Z"}
{"lancamento":1434927640,"level":"info","message":"📝 Atualizando título CORRE 122599","payload":{"lancamento":1434927640,"linhaDigitavel":"20890050091585604593382031005802114310000004401","nossoNumero":"21163058560459382","valorJuros":0},"service":"btg-baixa-titulos-service","timestamp":"2026-05-08T06:19:17.525Z"}
{"level":"info","message":"🌐 Millennium request: POST /MILLENIUM!JOIN_ONEUP.LANCAMENTOS.INSEREINFO","service":"btg-baixa-titulos-service","timestamp":"2026-05-08T06:19:17.525Z"}
{"lancamento":1434927640,"level":"info","message":"✅ Título atualizado com sucesso","numeroDocumento":"CORRE 122599","service":"btg-baixa-titulos-service","timestamp":"2026-05-08T06:19:17.543Z","transId":340323564}
{"lancamento":1434927640,"level":"info","message":"💰 Iniciando baixa do título CORRE 122599","payload":{"CONCILIADO":true,"CONTA":1431333549,"DATA_PAGAMENTO":"29/04/2026","EFETUADO":true,"FILIAL":5,"GERA_OUTRO":false,"LANCAMENTO":1434927640,"OBS":"2026-05-08T06:19:17.543Z - Baixa por retorno automacao importacao excel","STATUS_BAIXA":"N","VALOR":44.01},"service":"btg-baixa-titulos-service","timestamp":"2026-05-08T06:19:17.543Z"}
{"level":"info","message":"🌐 Millennium request: POST /millenium/titulos/baixa","service":"btg-baixa-titulos-service","timestamp":"2026-05-08T06:19:17.543Z"}
{"data":{"error":{"code":400,"message":{"lang":"en-us","value":"Remote Call Error:(millenium.titulos.baixa) (EwtsMethodError) \r\nErro baixando lançamento. O lançamento n. CORRE 122599 já está efetuado."}}},"level":"error","message":"❌ Erro na requisição Millennium Request failed with status code 400","method":"POST","service":"btg-baixa-titulos-service","status":400,"timestamp":"2026-05-08T06:19:17.587Z","url":"/millenium/titulos/baixa"}
{"erro":"Request failed with status code 400","level":"error","message":"❌ Erro no título CORRE 122599","service":"btg-baixa-titulos-service","status":"ERRO_DESCONHECIDO","timestamp":"2026-05-08T06:19:17.587Z"}
{"level":"info","message":"🔎 Processando título CORRE 122725","service":"btg-baixa-titulos-service","timestamp":"2026-05-08T06:19:17.588Z"}
{"level":"info","message":"🌐 Millennium request: GET /MILLENIUM!JOIN_ONEUP.LANCAMENTOS.CONSULTALANCAMENTOS?cnpj=57.408.548%2F0001-92&n_documento=CORRE%20122725","service":"btg-baixa-titulos-service","timestamp":"2026-05-08T06:19:17.588Z"}
{"lancamento":1434927642,"level":"info","message":"📝 Atualizando título CORRE 122725","payload":{"lancamento":1434927642,"linhaDigitavel":"20890050091824304589742031005806514310000003769","nossoNumero":"45000582430458942","valorJuros":0},"service":"btg-baixa-titulos-service","timestamp":"2026-05-08T06:19:17.707Z"}
{"level":"info","message":"🌐 Millennium request: POST /MILLENIUM!JOIN_ONEUP.LANCAMENTOS.INSEREINFO","service":"btg-baixa-titulos-service","timestamp":"2026-05-08T06:19:17.708Z"}
{"lancamento":1434927642,"level":"info","message":"✅ Título atualizado com sucesso","numeroDocumento":"CORRE 122725","service":"btg-baixa-titulos-service","timestamp":"2026-05-08T06:19:17.725Z","transId":340323565}
{"lancamento":1434927642,"level":"info","message":"💰 Iniciando baixa do título CORRE 122725","payload":{"CONCILIADO":true,"CONTA":1431333549,"DATA_PAGAMENTO":"29/04/2026","EFETUADO":true,"FILIAL":5,"GERA_OUTRO":false,"LANCAMENTO":1434927642,"OBS":"2026-05-08T06:19:17.725Z - Baixa por retorno automacao importacao excel","STATUS_BAIXA":"N","VALOR":37.69},"service":"btg-baixa-titulos-service","timestamp":"2026-05-08T06:19:17.725Z"}
{"level":"info","message":"🌐 Millennium request: POST /millenium/titulos/baixa","service":"btg-baixa-titulos-service","timestamp":"2026-05-08T06:19:17.725Z"}
{"data":{"error":{"code":400,"message":{"lang":"en-us","value":"Remote Call Error:(millenium.titulos.baixa) (EwtsMethodError) \r\nErro baixando lançamento. O lançamento n. CORRE 122725 já está efetuado."}}},"level":"error","message":"❌ Erro na requisição Millennium Request failed with status code 400","method":"POST","service":"btg-baixa-titulos-service","status":400,"timestamp":"2026-05-08T06:19:17.749Z","url":"/millenium/titulos/baixa"}
{"erro":"Request failed with status code 400","level":"error","message":"❌ Erro no título CORRE 122725","service":"btg-baixa-titulos-service","status":"ERRO_DESCONHECIDO","timestamp":"2026-05-08T06:19:17.749Z"}
{"level":"info","message":"🔎 Processando título CORRE 122724","service":"btg-baixa-titulos-service","timestamp":"2026-05-08T06:19:17.750Z"}
{"level":"info","message":"🌐 Millennium request: GET /MILLENIUM!JOIN_ONEUP.LANCAMENTOS.CONSULTALANCAMENTOS?cnpj=57.408.548%2F0001-92&n_documento=CORRE%20122724","service":"btg-baixa-titulos-service","timestamp":"2026-05-08T06:19:17.750Z"}
{"lancamento":1434927641,"level":"info","message":"📝 Atualizando título CORRE 122724","payload":{"lancamento":1434927641,"linhaDigitavel":"20890050091959004584588031005809514310000003769","nossoNumero":"81357795900458488","valorJuros":0},"service":"btg-baixa-titulos-service","timestamp":"2026-05-08T06:19:17.767Z"}
{"level":"info","message":"🌐 Millennium request: POST /MILLENIUM!JOIN_ONEUP.LANCAMENTOS.INSEREINFO","service":"btg-baixa-titulos-service","timestamp":"2026-05-08T06:19:17.768Z"}
{"lancamento":1434927641,"level":"info","message":"✅ Título atualizado com sucesso","numeroDocumento":"CORRE 122724","service":"btg-baixa-titulos-service","timestamp":"2026-05-08T06:19:17.802Z","transId":340323566}
{"lancamento":1434927641,"level":"info","message":"💰 Iniciando baixa do título CORRE 122724","payload":{"CONCILIADO":true,"CONTA":1431333549,"DATA_PAGAMENTO":"29/04/2026","EFETUADO":true,"FILIAL":5,"GERA_OUTRO":false,"LANCAMENTO":1434927641,"OBS":"2026-05-08T06:19:17.802Z - Baixa por retorno automacao importacao excel","STATUS_BAIXA":"N","VALOR":37.69},"service":"btg-baixa-titulos-service","timestamp":"2026-05-08T06:19:17.802Z"}
{"level":"info","message":"🌐 Millennium request: POST /millenium/titulos/baixa","service":"btg-baixa-titulos-service","timestamp":"2026-05-08T06:19:17.802Z"}
{"data":{"error":{"code":400,"message":{"lang":"en-us","value":"Remote Call Error:(millenium.titulos.baixa) (EwtsMethodError) \r\nErro baixando lançamento. O lançamento n. CORRE 122724 já está efetuado."}}},"level":"error","message":"❌ Erro na requisição Millennium Request failed with status code 400","method":"POST","service":"btg-baixa-titulos-service","status":400,"timestamp":"2026-05-08T06:19:17.828Z","url":"/millenium/titulos/baixa"}
{"erro":"Request failed with status code 400","level":"error","message":"❌ Erro no título CORRE 122724","service":"btg-baixa-titulos-service","status":"ERRO_DESCONHECIDO","timestamp":"2026-05-08T06:19:17.829Z"}
{"level":"info","message":"🔎 Processando título CORRE 121444","service":"btg-baixa-titulos-service","timestamp":"2026-05-08T06:19:17.829Z"}
{"level":"info","message":"🌐 Millennium request: GET /MILLENIUM!JOIN_ONEUP.LANCAMENTOS.CONSULTALANCAMENTOS?cnpj=57.408.548%2F0001-92&n_documento=CORRE%20121444","service":"btg-baixa-titulos-service","timestamp":"2026-05-08T06:19:17.830Z"}
{"lancamento":1434927637,"level":"info","message":"📝 Atualizando título CORRE 121444","payload":{"lancamento":1434927637,"linhaDigitavel":"20890050091092204580154031005801714310000003615","nossoNumero":"14398109220458054","valorJuros":0},"service":"btg-baixa-titulos-service","timestamp":"2026-05-08T06:19:17.846Z"}
{"level":"info","message":"🌐 Millennium request: POST /MILLENIUM!JOIN_ONEUP.LANCAMENTOS.INSEREINFO","service":"btg-baixa-titulos-service","timestamp":"2026-05-08T06:19:17.846Z"}
{"lancamento":1434927637,"level":"info","message":"✅ Título atualizado com sucesso","numeroDocumento":"CORRE 121444","service":"btg-baixa-titulos-service","timestamp":"2026-05-08T06:19:17.864Z","transId":340323567}
{"lancamento":1434927637,"level":"info","message":"💰 Iniciando baixa do título CORRE 121444","payload":{"CONCILIADO":true,"CONTA":1431333549,"DATA_PAGAMENTO":"29/04/2026","EFETUADO":true,"FILIAL":5,"GERA_OUTRO":false,"LANCAMENTO":1434927637,"OBS":"2026-05-08T06:19:17.864Z - Baixa por retorno automacao importacao excel","STATUS_BAIXA":"N","VALOR":36.15},"service":"btg-baixa-titulos-service","timestamp":"2026-05-08T06:19:17.864Z"}
{"level":"info","message":"🌐 Millennium request: POST /millenium/titulos/baixa","service":"btg-baixa-titulos-service","timestamp":"2026-05-08T06:19:17.864Z"}
{"data":{"error":{"code":400,"message":{"lang":"en-us","value":"Remote Call Error:(millenium.titulos.baixa) (EwtsMethodError) \r\nErro baixando lançamento. O lançamento n. CORRE 121444 já está efetuado."}}},"level":"error","message":"❌ Erro na requisição Millennium Request failed with status code 400","method":"POST","service":"btg-baixa-titulos-service","status":400,"timestamp":"2026-05-08T06:19:17.891Z","url":"/millenium/titulos/baixa"}
{"erro":"Request failed with status code 400","level":"error","message":"❌ Erro no título CORRE 121444","service":"btg-baixa-titulos-service","status":"ERRO_DESCONHECIDO","timestamp":"2026-05-08T06:19:17.891Z"}
{"level":"info","message":"🔎 Processando título CORRE 121219","service":"btg-baixa-titulos-service","timestamp":"2026-05-08T06:19:17.892Z"}
{"level":"info","message":"🌐 Millennium request: GET /MILLENIUM!JOIN_ONEUP.LANCAMENTOS.CONSULTALANCAMENTOS?cnpj=57.408.548%2F0001-92&n_documento=CORRE%20121219","service":"btg-baixa-titulos-service","timestamp":"2026-05-08T06:19:17.892Z"}
{"lancamento":1434927635,"level":"info","message":"📝 Atualizando título CORRE 121219","payload":{"lancamento":1434927635,"linhaDigitavel":"20890050091392004576546031005807414310000003615","nossoNumero":"75951439200457646","valorJuros":0},"service":"btg-baixa-titulos-service","timestamp":"2026-05-08T06:19:17.918Z"}
{"level":"info","message":"🌐 Millennium request: POST /MILLENIUM!JOIN_ONEUP.LANCAMENTOS.INSEREINFO","service":"btg-baixa-titulos-service","timestamp":"2026-05-08T06:19:17.918Z"}
{"lancamento":1434927635,"level":"info","message":"✅ Título atualizado com sucesso","numeroDocumento":"CORRE 121219","service":"btg-baixa-titulos-service","timestamp":"2026-05-08T06:19:17.932Z","transId":340323568}
{"lancamento":1434927635,"level":"info","message":"💰 Iniciando baixa do título CORRE 121219","payload":{"CONCILIADO":true,"CONTA":1431333549,"DATA_PAGAMENTO":"29/04/2026","EFETUADO":true,"FILIAL":5,"GERA_OUTRO":false,"LANCAMENTO":1434927635,"OBS":"2026-05-08T06:19:17.933Z - Baixa por retorno automacao importacao excel","STATUS_BAIXA":"N","VALOR":36.15},"service":"btg-baixa-titulos-service","timestamp":"2026-05-08T06:19:17.933Z"}
{"level":"info","message":"🌐 Millennium request: POST /millenium/titulos/baixa","service":"btg-baixa-titulos-service","timestamp":"2026-05-08T06:19:17.933Z"}
{"data":{"error":{"code":400,"message":{"lang":"en-us","value":"Remote Call Error:(millenium.titulos.baixa) (EwtsMethodError) \r\nErro baixando lançamento. O lançamento n. CORRE 121219 já está efetuado."}}},"level":"error","message":"❌ Erro na requisição Millennium Request failed with status code 400","method":"POST","service":"btg-baixa-titulos-service","status":400,"timestamp":"2026-05-08T06:19:17.961Z","url":"/millenium/titulos/baixa"}
{"erro":"Request failed with status code 400","level":"error","message":"❌ Erro no título CORRE 121219","service":"btg-baixa-titulos-service","status":"ERRO_DESCONHECIDO","timestamp":"2026-05-08T06:19:17.961Z"}
{"level":"info","message":"🔎 Processando título CORRE 122020","service":"btg-baixa-titulos-service","timestamp":"2026-05-08T06:19:17.962Z"}
{"level":"info","message":"🌐 Millennium request: GET /MILLENIUM!JOIN_ONEUP.LANCAMENTOS.CONSULTALANCAMENTOS?cnpj=57.408.548%2F0001-92&n_documento=CORRE%20122020","service":"btg-baixa-titulos-service","timestamp":"2026-05-08T06:19:17.962Z"}
{"lancamento":1434927639,"level":"info","message":"📝 Atualizando título CORRE 122020","payload":{"lancamento":1434927639,"linhaDigitavel":"20890050091423504567297031005800414310000002999","nossoNumero":"79033542350456797","valorJuros":0},"service":"btg-baixa-titulos-service","timestamp":"2026-05-08T06:19:17.985Z"}
{"level":"info","message":"🌐 Millennium request: POST /MILLENIUM!JOIN_ONEUP.LANCAMENTOS.INSEREINFO","service":"btg-baixa-titulos-service","timestamp":"2026-05-08T06:19:17.985Z"}
{"lancamento":1434927639,"level":"info","message":"✅ Título atualizado com sucesso","numeroDocumento":"CORRE 122020","service":"btg-baixa-titulos-service","timestamp":"2026-05-08T06:19:18.004Z","transId":340323569}
{"lancamento":1434927639,"level":"info","message":"💰 Iniciando baixa do título CORRE 122020","payload":{"CONCILIADO":true,"CONTA":1431333549,"DATA_PAGAMENTO":"29/04/2026","EFETUADO":true,"FILIAL":5,"GERA_OUTRO":false,"LANCAMENTO":1434927639,"OBS":"2026-05-08T06:19:18.004Z - Baixa por retorno automacao importacao excel","STATUS_BAIXA":"N","VALOR":29.99},"service":"btg-baixa-titulos-service","timestamp":"2026-05-08T06:19:18.005Z"}
{"level":"info","message":"🌐 Millennium request: POST /millenium/titulos/baixa","service":"btg-baixa-titulos-service","timestamp":"2026-05-08T06:19:18.005Z"}
{"data":{"error":{"code":400,"message":{"lang":"en-us","value":"Remote Call Error:(millenium.titulos.baixa) (EwtsMethodError) \r\nErro baixando lançamento. O lançamento n. CORRE 122020 já está efetuado."}}},"level":"error","message":"❌ Erro na requisição Millennium Request failed with status code 400","method":"POST","service":"btg-baixa-titulos-service","status":400,"timestamp":"2026-05-08T06:19:18.033Z","url":"/millenium/titulos/baixa"}
{"erro":"Request failed with status code 400","level":"error","message":"❌ Erro no título CORRE 122020","service":"btg-baixa-titulos-service","status":"ERRO_DESCONHECIDO","timestamp":"2026-05-08T06:19:18.033Z"}
{"level":"info","message":"🔎 Processando título CORRE 121872","service":"btg-baixa-titulos-service","timestamp":"2026-05-08T06:19:18.034Z"}
{"level":"info","message":"🌐 Millennium request: GET /MILLENIUM!JOIN_ONEUP.LANCAMENTOS.CONSULTALANCAMENTOS?cnpj=57.408.548%2F0001-92&n_documento=CORRE%20121872","service":"btg-baixa-titulos-service","timestamp":"2026-05-08T06:19:18.034Z"}
{"lancamento":1434927638,"level":"info","message":"📝 Atualizando título CORRE 121872","payload":{"lancamento":1434927638,"linhaDigitavel":"20890050091990904563550031005809814310000002999","nossoNumero":"44412399090456350","valorJuros":0},"service":"btg-baixa-titulos-service","timestamp":"2026-05-08T06:19:18.083Z"}
{"level":"info","message":"🌐 Millennium request: POST /MILLENIUM!JOIN_ONEUP.LANCAMENTOS.INSEREINFO","service":"btg-baixa-titulos-service","timestamp":"2026-05-08T06:19:18.083Z"}
{"lancamento":1434927638,"level":"info","message":"✅ Título atualizado com sucesso","numeroDocumento":"CORRE 121872","service":"btg-baixa-titulos-service","timestamp":"2026-05-08T06:19:18.101Z","transId":340323570}
{"lancamento":1434927638,"level":"info","message":"💰 Iniciando baixa do título CORRE 121872","payload":{"CONCILIADO":true,"CONTA":1431333549,"DATA_PAGAMENTO":"29/04/2026","EFETUADO":true,"FILIAL":5,"GERA_OUTRO":false,"LANCAMENTO":1434927638,"OBS":"2026-05-08T06:19:18.101Z - Baixa por retorno automacao importacao excel","STATUS_BAIXA":"N","VALOR":29.99},"service":"btg-baixa-titulos-service","timestamp":"2026-05-08T06:19:18.101Z"}
{"level":"info","message":"🌐 Millennium request: POST /millenium/titulos/baixa","service":"btg-baixa-titulos-service","timestamp":"2026-05-08T06:19:18.102Z"}
{"data":{"error":{"code":400,"message":{"lang":"en-us","value":"Remote Call Error:(millenium.titulos.baixa) (EwtsMethodError) \r\nErro baixando lançamento. O lançamento n. CORRE 121872 já está efetuado."}}},"level":"error","message":"❌ Erro na requisição Millennium Request failed with status code 400","method":"POST","service":"btg-baixa-titulos-service","status":400,"timestamp":"2026-05-08T06:19:18.202Z","url":"/millenium/titulos/baixa"}
{"erro":"Request failed with status code 400","level":"error","message":"❌ Erro no título CORRE 121872","service":"btg-baixa-titulos-service","status":"ERRO_DESCONHECIDO","timestamp":"2026-05-08T06:19:18.202Z"}
{"level":"info","message":"🔒 Finalizando sessão Millennium","service":"btg-baixa-titulos-service","timestamp":"2026-05-08T06:19:18.204Z"}
{"level":"info","message":"✅ Sessão Millennium finalizada com sucesso","service":"btg-baixa-titulos-service","timestamp":"2026-05-08T06:19:18.218Z"}
{"erroGeral":null,"erros":9,"finalizadoEm":"2026-05-08T06:19:18.218Z","level":"info","message":"🏁 Processamento finalizado","processamentoId":"BTG-20260508-D550CF","service":"btg-baixa-titulos-service","sucesso":2,"timestamp":"2026-05-08T06:19:18.219Z","total":11}
{"level":"info","message":"🔐 Iniciando login no Millennium","service":"btg-baixa-titulos-service","timestamp":"2026-05-08T06:37:02.416Z"}
{"level":"info","message":"✅ Login Millennium realizado com sucesso","service":"btg-baixa-titulos-service","timestamp":"2026-05-08T06:37:02.585Z"}
{"level":"info","message":"🚀 Iniciando processamento de 3 títulos","service":"btg-baixa-titulos-service","timestamp":"2026-05-08T06:37:02.585Z"}
{"level":"info","message":"🔎 Processando título FRE 122429","service":"btg-baixa-titulos-service","timestamp":"2026-05-08T06:37:02.586Z"}
{"level":"info","message":"🌐 Millennium request: GET /MILLENIUM!JOIN_ONEUP.LANCAMENTOS.CONSULTALANCAMENTOS?cnpj=57.408.548%2F0001-92&n_documento=FRE%20122429","service":"btg-baixa-titulos-service","timestamp":"2026-05-08T06:37:02.586Z"}
{"lancamento":1434927655,"level":"info","message":"📝 Atualizando título FRE 122429","payload":{"lancamento":1434927655,"linhaDigitavel":"20890050091742604612848031005803714310000039793","nossoNumero":"30175674260461248","valorJuros":0},"service":"btg-baixa-titulos-service","timestamp":"2026-05-08T06:37:02.610Z"}
{"level":"info","message":"🌐 Millennium request: POST /MILLENIUM!JOIN_ONEUP.LANCAMENTOS.INSEREINFO","service":"btg-baixa-titulos-service","timestamp":"2026-05-08T06:37:02.610Z"}
{"lancamento":1434927655,"level":"info","message":"✅ Título atualizado com sucesso","numeroDocumento":"FRE 122429","service":"btg-baixa-titulos-service","timestamp":"2026-05-08T06:37:02.637Z","transId":340323824}
{"lancamento":1434927655,"level":"info","message":"💰 Iniciando baixa do título FRE 122429","payload":{"CONCILIADO":true,"CONTA":1431333535,"DATA_PAGAMENTO":"29/04/2026","EFETUADO":true,"FILIAL":5,"GERA_OUTRO":false,"LANCAMENTO":1434927655,"OBS":"2026-05-08T06:37:02.637Z - Baixa por retorno automacao importacao excel","STATUS_BAIXA":"N","VALOR":397.93},"service":"btg-baixa-titulos-service","timestamp":"2026-05-08T06:37:02.637Z"}
{"level":"info","message":"🌐 Millennium request: POST /millenium/titulos/baixa","service":"btg-baixa-titulos-service","timestamp":"2026-05-08T06:37:02.637Z"}
{"baixa":1435951768,"level":"info","message":"✅ Título baixado com sucesso","numeroDocumento":"FRE 122429","service":"btg-baixa-titulos-service","timestamp":"2026-05-08T06:37:04.215Z","valor":397.93}
{"level":"info","message":"✅ Fluxo concluído para FRE 122429","service":"btg-baixa-titulos-service","timestamp":"2026-05-08T06:37:04.216Z"}
{"level":"info","message":"🔎 Processando título FRE 122404","service":"btg-baixa-titulos-service","timestamp":"2026-05-08T06:37:04.218Z"}
{"level":"info","message":"🌐 Millennium request: GET /MILLENIUM!JOIN_ONEUP.LANCAMENTOS.CONSULTALANCAMENTOS?cnpj=03.294.992%2F0001-03&n_documento=FRE%20122404","service":"btg-baixa-titulos-service","timestamp":"2026-05-08T06:37:04.218Z"}
{"erro":"Divergência de valor no título FRE 122404","level":"error","message":"❌ Erro no título FRE 122404","service":"btg-baixa-titulos-service","status":"ERRO_CONSULTA","timestamp":"2026-05-08T06:37:04.237Z"}
{"level":"info","message":"🔎 Processando título FRE 122395","service":"btg-baixa-titulos-service","timestamp":"2026-05-08T06:37:04.238Z"}
{"level":"info","message":"🌐 Millennium request: GET /MILLENIUM!JOIN_ONEUP.LANCAMENTOS.CONSULTALANCAMENTOS?cnpj=02.355.679%2F0001-67&n_documento=FRE%20122395","service":"btg-baixa-titulos-service","timestamp":"2026-05-08T06:37:04.239Z"}
{"lancamento":1434927659,"level":"info","message":"📝 Atualizando título FRE 122395","payload":{"lancamento":1434927659,"linhaDigitavel":"20890050091533104603577031005802614310000023649","nossoNumero":"99185453310460377","valorJuros":0},"service":"btg-baixa-titulos-service","timestamp":"2026-05-08T06:37:04.255Z"}
{"level":"info","message":"🌐 Millennium request: POST /MILLENIUM!JOIN_ONEUP.LANCAMENTOS.INSEREINFO","service":"btg-baixa-titulos-service","timestamp":"2026-05-08T06:37:04.255Z"}
{"lancamento":1434927659,"level":"info","message":"✅ Título atualizado com sucesso","numeroDocumento":"FRE 122395","service":"btg-baixa-titulos-service","timestamp":"2026-05-08T06:37:04.279Z","transId":340323826}
{"lancamento":1434927659,"level":"info","message":"💰 Iniciando baixa do título FRE 122395","payload":{"CONCILIADO":true,"CONTA":1431333535,"DATA_PAGAMENTO":"28/04/2026","EFETUADO":true,"FILIAL":5,"GERA_OUTRO":false,"LANCAMENTO":1434927659,"OBS":"2026-05-08T06:37:04.280Z - Baixa por retorno automacao importacao excel","STATUS_BAIXA":"N","VALOR":236.49},"service":"btg-baixa-titulos-service","timestamp":"2026-05-08T06:37:04.280Z"}
{"level":"info","message":"🌐 Millennium request: POST /millenium/titulos/baixa","service":"btg-baixa-titulos-service","timestamp":"2026-05-08T06:37:04.280Z"}
{"baixa":1435951769,"level":"info","message":"✅ Título baixado com sucesso","numeroDocumento":"FRE 122395","service":"btg-baixa-titulos-service","timestamp":"2026-05-08T06:37:04.608Z","valor":236.49}
{"level":"info","message":"✅ Fluxo concluído para FRE 122395","service":"btg-baixa-titulos-service","timestamp":"2026-05-08T06:37:04.608Z"}
{"level":"info","message":"🔒 Finalizando sessão Millennium","service":"btg-baixa-titulos-service","timestamp":"2026-05-08T06:37:04.610Z"}
{"level":"info","message":"✅ Sessão Millennium finalizada com sucesso","service":"btg-baixa-titulos-service","timestamp":"2026-05-08T06:37:04.625Z"}
{"erroGeral":null,"erros":1,"finalizadoEm":"2026-05-08T06:37:04.625Z","level":"info","message":"🏁 Processamento finalizado","processamentoId":"BTG-20260508-5707C0","service":"btg-baixa-titulos-service","sucesso":2,"timestamp":"2026-05-08T06:37:04.627Z","total":3}
{"level":"info","logDetailed":false,"message":"🚀 Servidor iniciado com sucesso na porta 3333","nodeEnv":"development","port":3333,"service":"btg-baixa-titulos-service","timestamp":"2026-05-08T06:47:18.595Z"}
{"level":"info","message":"🔐 Iniciando login no Millennium","service":"btg-baixa-titulos-service","timestamp":"2026-05-08T06:47:20.979Z"}
{"level":"info","message":"✅ Login Millennium realizado com sucesso","service":"btg-baixa-titulos-service","timestamp":"2026-05-08T06:47:21.043Z"}
{"level":"info","message":"🚀 Iniciando processamento de 3 títulos","service":"btg-baixa-titulos-service","timestamp":"2026-05-08T06:47:21.044Z"}
{"level":"info","message":"🔎 Processando título FRE 122429","service":"btg-baixa-titulos-service","timestamp":"2026-05-08T06:47:21.044Z"}
{"level":"info","message":"🌐 Millennium request: GET /MILLENIUM!JOIN_ONEUP.LANCAMENTOS.CONSULTALANCAMENTOS?cnpj=57.408.548%2F0001-92&n_documento=FRE%20122429","service":"btg-baixa-titulos-service","timestamp":"2026-05-08T06:47:21.044Z"}
{"lancamento":1434927655,"level":"info","message":"📝 Atualizando título FRE 122429","payload":{"lancamento":1434927655,"linhaDigitavel":"20890050091742604612848031005803714310000039793","nossoNumero":"30175674260461248","valorJuros":0},"service":"btg-baixa-titulos-service","timestamp":"2026-05-08T06:47:21.066Z"}
{"level":"info","message":"🌐 Millennium request: POST /MILLENIUM!JOIN_ONEUP.LANCAMENTOS.INSEREINFO","service":"btg-baixa-titulos-service","timestamp":"2026-05-08T06:47:21.066Z"}
{"lancamento":1434927655,"level":"info","message":"✅ Título atualizado com sucesso","numeroDocumento":"FRE 122429","service":"btg-baixa-titulos-service","timestamp":"2026-05-08T06:47:21.169Z","transId":340323828}
{"lancamento":1434927655,"level":"info","message":"💰 Iniciando baixa do título FRE 122429","payload":{"CONCILIADO":true,"CONTA":1431333535,"DATA_PAGAMENTO":"29/04/2026","EFETUADO":true,"FILIAL":5,"GERA_OUTRO":false,"LANCAMENTO":1434927655,"OBS":"2026-05-08T06:47:21.170Z - Baixa por retorno automacao importacao excel","STATUS_BAIXA":"N","VALOR":397.93},"service":"btg-baixa-titulos-service","timestamp":"2026-05-08T06:47:21.170Z"}
{"level":"info","message":"🌐 Millennium request: POST /millenium/titulos/baixa","service":"btg-baixa-titulos-service","timestamp":"2026-05-08T06:47:21.171Z"}
{"data":{"error":{"code":400,"message":{"lang":"en-us","value":"Remote Call Error:(millenium.titulos.baixa) (EwtsMethodError) \r\nErro baixando lançamento. O lançamento n. FRE 122429 já está efetuado."}}},"level":"error","message":"❌ Erro na requisição Millennium Request failed with status code 400","method":"POST","service":"btg-baixa-titulos-service","status":400,"timestamp":"2026-05-08T06:47:22.414Z","url":"/millenium/titulos/baixa"}
{"erro":"Request failed with status code 400","level":"error","message":"❌ Erro no título FRE 122429","service":"btg-baixa-titulos-service","status":"ERRO_DESCONHECIDO","timestamp":"2026-05-08T06:47:22.415Z"}
{"level":"info","message":"🔎 Processando título FRE 122404","service":"btg-baixa-titulos-service","timestamp":"2026-05-08T06:47:22.418Z"}
{"level":"info","message":"🌐 Millennium request: GET /MILLENIUM!JOIN_ONEUP.LANCAMENTOS.CONSULTALANCAMENTOS?cnpj=03.294.992%2F0001-03&n_documento=FRE%20122404","service":"btg-baixa-titulos-service","timestamp":"2026-05-08T06:47:22.419Z"}
{"erro":"Divergência de valor no título FRE 122404","level":"error","message":"❌ Erro no título FRE 122404","service":"btg-baixa-titulos-service","status":"ERRO_CONSULTA","timestamp":"2026-05-08T06:47:22.439Z"}
{"level":"info","message":"🔎 Processando título FRE 122395","service":"btg-baixa-titulos-service","timestamp":"2026-05-08T06:47:22.442Z"}
{"level":"info","message":"🌐 Millennium request: GET /MILLENIUM!JOIN_ONEUP.LANCAMENTOS.CONSULTALANCAMENTOS?cnpj=02.355.679%2F0001-67&n_documento=FRE%20122395","service":"btg-baixa-titulos-service","timestamp":"2026-05-08T06:47:22.442Z"}
{"lancamento":1434927659,"level":"info","message":"📝 Atualizando título FRE 122395","payload":{"lancamento":1434927659,"linhaDigitavel":"20890050091533104603577031005802614310000023649","nossoNumero":"99185453310460377","valorJuros":0},"service":"btg-baixa-titulos-service","timestamp":"2026-05-08T06:47:22.460Z"}
{"level":"info","message":"🌐 Millennium request: POST /MILLENIUM!JOIN_ONEUP.LANCAMENTOS.INSEREINFO","service":"btg-baixa-titulos-service","timestamp":"2026-05-08T06:47:22.461Z"}
{"lancamento":1434927659,"level":"info","message":"✅ Título atualizado com sucesso","numeroDocumento":"FRE 122395","service":"btg-baixa-titulos-service","timestamp":"2026-05-08T06:47:22.479Z","transId":340323829}
{"lancamento":1434927659,"level":"info","message":"💰 Iniciando baixa do título FRE 122395","payload":{"CONCILIADO":true,"CONTA":1431333535,"DATA_PAGAMENTO":"28/04/2026","EFETUADO":true,"FILIAL":5,"GERA_OUTRO":false,"LANCAMENTO":1434927659,"OBS":"2026-05-08T06:47:22.479Z - Baixa por retorno automacao importacao excel","STATUS_BAIXA":"N","VALOR":236.49},"service":"btg-baixa-titulos-service","timestamp":"2026-05-08T06:47:22.479Z"}
{"level":"info","message":"🌐 Millennium request: POST /millenium/titulos/baixa","service":"btg-baixa-titulos-service","timestamp":"2026-05-08T06:47:22.479Z"}
{"data":{"error":{"code":400,"message":{"lang":"en-us","value":"Remote Call Error:(millenium.titulos.baixa) (EwtsMethodError) \r\nErro baixando lançamento. O lançamento n. FRE 122395 já está efetuado."}}},"level":"error","message":"❌ Erro na requisição Millennium Request failed with status code 400","method":"POST","service":"btg-baixa-titulos-service","status":400,"timestamp":"2026-05-08T06:47:22.502Z","url":"/millenium/titulos/baixa"}
{"erro":"Request failed with status code 400","level":"error","message":"❌ Erro no título FRE 122395","service":"btg-baixa-titulos-service","status":"ERRO_DESCONHECIDO","timestamp":"2026-05-08T06:47:22.502Z"}
{"level":"info","message":"🔒 Finalizando sessão Millennium","service":"btg-baixa-titulos-service","timestamp":"2026-05-08T06:47:22.503Z"}
{"level":"info","message":"✅ Sessão Millennium finalizada com sucesso","service":"btg-baixa-titulos-service","timestamp":"2026-05-08T06:47:22.514Z"}
{"erroGeral":null,"erros":3,"finalizadoEm":"2026-05-08T06:47:22.514Z","level":"info","message":"🏁 Processamento finalizado","processamentoId":"BTG-20260508-399733","service":"btg-baixa-titulos-service","sucesso":0,"timestamp":"2026-05-08T06:47:22.515Z","total":3}
