{"erro":"Divergência de valor no título 117845/B","level":"error","message":"❌ Erro no título 117845/B","service":"btg-baixa-titulos-service","status":"ERRO_CONSULTA","timestamp":"2026-05-12T01:55:09.034Z"}
{"erro":"Título não localizado: CORRE 120558","level":"error","message":"❌ Erro no título CORRE 120558","service":"btg-baixa-titulos-service","status":"ERRO_CONSULTA","timestamp":"2026-05-12T02:18:55.069Z"}
{"erro":"Título não localizado: 120775","level":"error","message":"❌ Erro no título 120775","service":"btg-baixa-titulos-service","status":"ERRO_CONSULTA","timestamp":"2026-05-12T02:18:55.121Z"}
{"erro":"Divergência de valor no título 120620","level":"error","message":"❌ Erro no título 120620","service":"btg-baixa-titulos-service","status":"ERRO_CONSULTA","timestamp":"2026-05-12T02:18:55.141Z"}
{"erro":"Título não localizado: FRE 119328","level":"error","message":"❌ Erro no título FRE 119328","service":"btg-baixa-titulos-service","status":"ERRO_CONSULTA","timestamp":"2026-05-12T02:18:55.283Z"}
{"erro":"Divergência de valor no título 111256/A","level":"error","message":"❌ Erro no título 111256/A","service":"btg-baixa-titulos-service","status":"ERRO_CONSULTA","timestamp":"2026-05-12T02:18:56.597Z"}
{"erro":"Divergência de valor no título 111255/A","level":"error","message":"❌ Erro no título 111255/A","service":"btg-baixa-titulos-service","status":"ERRO_CONSULTA","timestamp":"2026-05-12T02:18:56.619Z"}
{"erro":"Divergência de valor no título 111252/A","level":"error","message":"❌ Erro no título 111252/A","service":"btg-baixa-titulos-service","status":"ERRO_CONSULTA","timestamp":"2026-05-12T02:18:56.649Z"}
{"erro":"Divergência de valor no título 108322/B","level":"error","message":"❌ Erro no título 108322/B","service":"btg-baixa-titulos-service","status":"ERRO_CONSULTA","timestamp":"2026-05-12T02:18:56.670Z"}
{"erro":"Divergência de valor no título 108321/B","level":"error","message":"❌ Erro no título 108321/B","service":"btg-baixa-titulos-service","status":"ERRO_CONSULTA","timestamp":"2026-05-12T02:18:56.695Z"}
{"erro":"Divergência de valor no título 106115/C","level":"error","message":"❌ Erro no título 106115/C","service":"btg-baixa-titulos-service","status":"ERRO_CONSULTA","timestamp":"2026-05-12T02:18:56.719Z"}
{"erro":"Divergência de valor no título 106103/C","level":"error","message":"❌ Erro no título 106103/C","service":"btg-baixa-titulos-service","status":"ERRO_CONSULTA","timestamp":"2026-05-12T02:18:56.741Z"}
{"erro":"Divergência de valor no título 106103/B","level":"error","message":"❌ Erro no título 106103/B","service":"btg-baixa-titulos-service","status":"ERRO_CONSULTA","timestamp":"2026-05-12T02:18:56.758Z"}
{"erro":"Título não localizado: 79825/C","level":"error","message":"❌ Erro no título 79825/C","service":"btg-baixa-titulos-service","status":"ERRO_CONSULTA","timestamp":"2026-05-12T02:18:59.869Z"}
{"erro":"Título não localizado: 79831/B","level":"error","message":"❌ Erro no título 79831/B","service":"btg-baixa-titulos-service","status":"ERRO_CONSULTA","timestamp":"2026-05-12T02:19:00.068Z"}
{"erro":"Título não localizado: 79825/B","level":"error","message":"❌ Erro no título 79825/B","service":"btg-baixa-titulos-service","status":"ERRO_CONSULTA","timestamp":"2026-05-12T02:19:00.087Z"}
{"erro":"Título não localizado: 79831/A","level":"error","message":"❌ Erro no título 79831/A","service":"btg-baixa-titulos-service","status":"ERRO_CONSULTA","timestamp":"2026-05-12T02:19:00.106Z"}
{"erro":"Título não localizado: 79825/A","level":"error","message":"❌ Erro no título 79825/A","service":"btg-baixa-titulos-service","status":"ERRO_CONSULTA","timestamp":"2026-05-12T02:19:00.126Z"}
{"erro":"Divergência de valor no título 111992","level":"error","message":"❌ Erro no título 111992","service":"btg-baixa-titulos-service","status":"ERRO_CONSULTA","timestamp":"2026-05-12T02:19:00.166Z"}
{"erro":"Título não localizado: 38105/A","level":"error","message":"❌ Erro no título 38105/A","service":"btg-baixa-titulos-service","status":"ERRO_CONSULTA","timestamp":"2026-05-12T02:19:00.804Z"}
{"erro":"Título não localizado: 37614/E","level":"error","message":"❌ Erro no título 37614/E","service":"btg-baixa-titulos-service","status":"ERRO_CONSULTA","timestamp":"2026-05-12T02:19:04.786Z"}
{"erro":"Título não localizado: 37614/D","level":"error","message":"❌ Erro no título 37614/D","service":"btg-baixa-titulos-service","status":"ERRO_CONSULTA","timestamp":"2026-05-12T02:19:04.826Z"}
{"erro":"Título não localizado: 37614/C","level":"error","message":"❌ Erro no título 37614/C","service":"btg-baixa-titulos-service","status":"ERRO_CONSULTA","timestamp":"2026-05-12T02:19:04.845Z"}
{"erro":"Título não localizado: 37614/B","level":"error","message":"❌ Erro no título 37614/B","service":"btg-baixa-titulos-service","status":"ERRO_CONSULTA","timestamp":"2026-05-12T02:19:04.863Z"}
{"erro":"Título não localizado: 37614/A","level":"error","message":"❌ Erro no título 37614/A","service":"btg-baixa-titulos-service","status":"ERRO_CONSULTA","timestamp":"2026-05-12T02:19:04.902Z"}
{"erro":"Título não localizado: 109075/C","level":"error","message":"❌ Erro no título 109075/C","service":"btg-baixa-titulos-service","status":"ERRO_CONSULTA","timestamp":"2026-05-12T02:19:06.637Z"}
{"erro":"Título não localizado: RA-06-11","level":"error","message":"❌ Erro no título RA-06-11","service":"btg-baixa-titulos-service","status":"ERRO_CONSULTA","timestamp":"2026-05-12T02:19:06.657Z"}
{"erro":"Título não localizado: 1575/3","level":"error","message":"❌ Erro no título 1575/3","service":"btg-baixa-titulos-service","status":"ERRO_CONSULTA","timestamp":"2026-05-12T02:19:10.532Z"}
{"erro":"Título não localizado: 1575/2","level":"error","message":"❌ Erro no título 1575/2","service":"btg-baixa-titulos-service","status":"ERRO_CONSULTA","timestamp":"2026-05-12T02:19:10.553Z"}
{"erro":"Título não localizado: 1575/1","level":"error","message":"❌ Erro no título 1575/1","service":"btg-baixa-titulos-service","status":"ERRO_CONSULTA","timestamp":"2026-05-12T02:19:10.593Z"}
{"erro":"Título não localizado: 01329811","level":"error","message":"❌ Erro no título 01329811","service":"btg-baixa-titulos-service","status":"ERRO_CONSULTA","timestamp":"2026-05-12T02:19:10.672Z"}
{"erro":"Título não localizado: 06-VL","level":"error","message":"❌ Erro no título 06-VL","service":"btg-baixa-titulos-service","status":"ERRO_CONSULTA","timestamp":"2026-05-12T02:19:10.693Z"}
{"erro":"Título não localizado: 06-VL","level":"error","message":"❌ Erro no título 06-VL","service":"btg-baixa-titulos-service","status":"ERRO_CONSULTA","timestamp":"2026-05-12T02:19:10.714Z"}
