{"erro":"Título não localizado: CORRE 120558","level":"error","message":"❌ Erro no título CORRE 120558","service":"btg-baixa-titulos-service","status":"ERRO_CONSULTA","timestamp":"2026-05-12T03:07:28.402Z"}
{"erro":"Título não localizado: 120775","level":"error","message":"❌ Erro no título 120775","service":"btg-baixa-titulos-service","status":"ERRO_CONSULTA","timestamp":"2026-05-12T03:07:28.536Z"}
{"erro":"Título não localizado: FRE 119328","level":"error","message":"❌ Erro no título FRE 119328","service":"btg-baixa-titulos-service","status":"ERRO_CONSULTA","timestamp":"2026-05-12T03:07:28.685Z"}
{"erro":"Título não localizado: 79825/C","level":"error","message":"❌ Erro no título 79825/C","service":"btg-baixa-titulos-service","status":"ERRO_CONSULTA","timestamp":"2026-05-12T03:07:33.797Z"}
{"erro":"Título não localizado: 79831/B","level":"error","message":"❌ Erro no título 79831/B","service":"btg-baixa-titulos-service","status":"ERRO_CONSULTA","timestamp":"2026-05-12T03:07:33.981Z"}
{"erro":"Título não localizado: 79825/B","level":"error","message":"❌ Erro no título 79825/B","service":"btg-baixa-titulos-service","status":"ERRO_CONSULTA","timestamp":"2026-05-12T03:07:34.002Z"}
{"erro":"Título não localizado: 79831/A","level":"error","message":"❌ Erro no título 79831/A","service":"btg-baixa-titulos-service","status":"ERRO_CONSULTA","timestamp":"2026-05-12T03:07:34.019Z"}
{"erro":"Título não localizado: 79825/A","level":"error","message":"❌ Erro no título 79825/A","service":"btg-baixa-titulos-service","status":"ERRO_CONSULTA","timestamp":"2026-05-12T03:07:34.036Z"}
{"erro":"Título não localizado: 38105/A","level":"error","message":"❌ Erro no título 38105/A","service":"btg-baixa-titulos-service","status":"ERRO_CONSULTA","timestamp":"2026-05-12T03:07:34.712Z"}
{"erro":"Título não localizado: 37614/E","level":"error","message":"❌ Erro no título 37614/E","service":"btg-baixa-titulos-service","status":"ERRO_CONSULTA","timestamp":"2026-05-12T03:07:38.534Z"}
{"erro":"Título não localizado: 37614/D","level":"error","message":"❌ Erro no título 37614/D","service":"btg-baixa-titulos-service","status":"ERRO_CONSULTA","timestamp":"2026-05-12T03:07:38.657Z"}
{"erro":"Título não localizado: 37614/C","level":"error","message":"❌ Erro no título 37614/C","service":"btg-baixa-titulos-service","status":"ERRO_CONSULTA","timestamp":"2026-05-12T03:07:38.675Z"}
{"erro":"Título não localizado: 37614/B","level":"error","message":"❌ Erro no título 37614/B","service":"btg-baixa-titulos-service","status":"ERRO_CONSULTA","timestamp":"2026-05-12T03:07:38.693Z"}
{"erro":"Título não localizado: 37614/A","level":"error","message":"❌ Erro no título 37614/A","service":"btg-baixa-titulos-service","status":"ERRO_CONSULTA","timestamp":"2026-05-12T03:07:38.731Z"}
{"erro":"Título não localizado: 109075/C","level":"error","message":"❌ Erro no título 109075/C","service":"btg-baixa-titulos-service","status":"ERRO_CONSULTA","timestamp":"2026-05-12T03:07:40.406Z"}
{"erro":"Título não localizado: RA-06-11","level":"error","message":"❌ Erro no título RA-06-11","service":"btg-baixa-titulos-service","status":"ERRO_CONSULTA","timestamp":"2026-05-12T03:07:40.422Z"}
{"erro":"Título não localizado: 1575/3","level":"error","message":"❌ Erro no título 1575/3","service":"btg-baixa-titulos-service","status":"ERRO_CONSULTA","timestamp":"2026-05-12T03:07:43.961Z"}
{"erro":"Título não localizado: 1575/2","level":"error","message":"❌ Erro no título 1575/2","service":"btg-baixa-titulos-service","status":"ERRO_CONSULTA","timestamp":"2026-05-12T03:07:43.981Z"}
{"erro":"Título não localizado: 1575/1","level":"error","message":"❌ Erro no título 1575/1","service":"btg-baixa-titulos-service","status":"ERRO_CONSULTA","timestamp":"2026-05-12T03:07:44.026Z"}
{"erro":"Título não localizado: 01329811","level":"error","message":"❌ Erro no título 01329811","service":"btg-baixa-titulos-service","status":"ERRO_CONSULTA","timestamp":"2026-05-12T03:07:44.110Z"}
{"erro":"Título não localizado: 06-VL","level":"error","message":"❌ Erro no título 06-VL","service":"btg-baixa-titulos-service","status":"ERRO_CONSULTA","timestamp":"2026-05-12T03:07:44.129Z"}
{"erro":"Título não localizado: 06-VL","level":"error","message":"❌ Erro no título 06-VL","service":"btg-baixa-titulos-service","status":"ERRO_CONSULTA","timestamp":"2026-05-12T03:07:44.150Z"}
