{"erro":"Título não localizado: CORRE 120558","level":"error","message":"❌ Erro no título CORRE 120558","service":"btg-baixa-titulos-service","status":"ERRO_CONSULTA","timestamp":"2026-05-09T03:26:47.930Z"}
{"erro":"Título não localizado: 120775","level":"error","message":"❌ Erro no título 120775","service":"btg-baixa-titulos-service","status":"ERRO_CONSULTA","timestamp":"2026-05-09T03:26:47.980Z"}
{"erro":"Divergência de valor no título 120620","level":"error","message":"❌ Erro no título 120620","service":"btg-baixa-titulos-service","status":"ERRO_CONSULTA","timestamp":"2026-05-09T03:26:47.995Z"}
{"erro":"Título não localizado: FRE 119328","level":"error","message":"❌ Erro no título FRE 119328","service":"btg-baixa-titulos-service","status":"ERRO_CONSULTA","timestamp":"2026-05-09T03:26:48.077Z"}
{"erro":"Divergência de valor no título 117845/B","level":"error","message":"❌ Erro no título 117845/B","service":"btg-baixa-titulos-service","status":"ERRO_CONSULTA","timestamp":"2026-05-09T03:26:50.820Z"}
{"erro":"Divergência de valor no título 116069/B","level":"error","message":"❌ Erro no título 116069/B","service":"btg-baixa-titulos-service","status":"ERRO_CONSULTA","timestamp":"2026-05-09T03:26:51.569Z"}
{"erro":"Título não localizado: 79825/C","level":"error","message":"❌ Erro no título 79825/C","service":"btg-baixa-titulos-service","status":"ERRO_CONSULTA","timestamp":"2026-05-09T03:26:52.889Z"}
{"erro":"Título não localizado: 79831/B","level":"error","message":"❌ Erro no título 79831/B","service":"btg-baixa-titulos-service","status":"ERRO_CONSULTA","timestamp":"2026-05-09T03:26:52.988Z"}
{"erro":"Título não localizado: 79825/B","level":"error","message":"❌ Erro no título 79825/B","service":"btg-baixa-titulos-service","status":"ERRO_CONSULTA","timestamp":"2026-05-09T03:26:53.087Z"}
{"erro":"Título não localizado: 79831/A","level":"error","message":"❌ Erro no título 79831/A","service":"btg-baixa-titulos-service","status":"ERRO_CONSULTA","timestamp":"2026-05-09T03:26:53.109Z"}
{"erro":"Título não localizado: 79825/A","level":"error","message":"❌ Erro no título 79825/A","service":"btg-baixa-titulos-service","status":"ERRO_CONSULTA","timestamp":"2026-05-09T03:26:53.141Z"}
{"erro":"Divergência de valor no título 111992","level":"error","message":"❌ Erro no título 111992","service":"btg-baixa-titulos-service","status":"ERRO_CONSULTA","timestamp":"2026-05-09T03:26:53.183Z"}
{"erro":"Título não localizado: 38105/A","level":"error","message":"❌ Erro no título 38105/A","service":"btg-baixa-titulos-service","status":"ERRO_CONSULTA","timestamp":"2026-05-09T03:26:53.964Z"}
{"erro":"Divergência de valor no título 110754/D","level":"error","message":"❌ Erro no título 110754/D","service":"btg-baixa-titulos-service","status":"ERRO_CONSULTA","timestamp":"2026-05-09T03:26:57.948Z"}
{"erro":"Divergência de valor no título 110754/C","level":"error","message":"❌ Erro no título 110754/C","service":"btg-baixa-titulos-service","status":"ERRO_CONSULTA","timestamp":"2026-05-09T03:26:57.969Z"}
{"erro":"Divergência de valor no título 110754/B","level":"error","message":"❌ Erro no título 110754/B","service":"btg-baixa-titulos-service","status":"ERRO_CONSULTA","timestamp":"2026-05-09T03:26:57.988Z"}
{"erro":"Divergência de valor no título 110754/A","level":"error","message":"❌ Erro no título 110754/A","service":"btg-baixa-titulos-service","status":"ERRO_CONSULTA","timestamp":"2026-05-09T03:26:58.092Z"}
{"erro":"Título não localizado: 37614/E","level":"error","message":"❌ Erro no título 37614/E","service":"btg-baixa-titulos-service","status":"ERRO_CONSULTA","timestamp":"2026-05-09T03:26:58.210Z"}
{"erro":"Título não localizado: 37614/D","level":"error","message":"❌ Erro no título 37614/D","service":"btg-baixa-titulos-service","status":"ERRO_CONSULTA","timestamp":"2026-05-09T03:26:58.331Z"}
{"erro":"Título não localizado: 37614/C","level":"error","message":"❌ Erro no título 37614/C","service":"btg-baixa-titulos-service","status":"ERRO_CONSULTA","timestamp":"2026-05-09T03:26:58.363Z"}
{"erro":"Título não localizado: 37614/B","level":"error","message":"❌ Erro no título 37614/B","service":"btg-baixa-titulos-service","status":"ERRO_CONSULTA","timestamp":"2026-05-09T03:26:58.384Z"}
{"erro":"Título não localizado: 37614/A","level":"error","message":"❌ Erro no título 37614/A","service":"btg-baixa-titulos-service","status":"ERRO_CONSULTA","timestamp":"2026-05-09T03:26:58.431Z"}
{"erro":"Divergência de valor no título 106115/A","level":"error","message":"❌ Erro no título 106115/A","service":"btg-baixa-titulos-service","status":"ERRO_CONSULTA","timestamp":"2026-05-09T03:27:00.252Z"}
{"erro":"Divergência de valor no título 106115/B","level":"error","message":"❌ Erro no título 106115/B","service":"btg-baixa-titulos-service","status":"ERRO_CONSULTA","timestamp":"2026-05-09T03:27:00.281Z"}
{"erro":"Título não localizado: 109075/C","level":"error","message":"❌ Erro no título 109075/C","service":"btg-baixa-titulos-service","status":"ERRO_CONSULTA","timestamp":"2026-05-09T03:27:00.502Z"}
{"erro":"Título não localizado: RA-06-11","level":"error","message":"❌ Erro no título RA-06-11","service":"btg-baixa-titulos-service","status":"ERRO_CONSULTA","timestamp":"2026-05-09T03:27:00.525Z"}
{"erro":"Divergência de valor no título 108317/F","level":"error","message":"❌ Erro no título 108317/F","service":"btg-baixa-titulos-service","status":"ERRO_CONSULTA","timestamp":"2026-05-09T03:27:00.574Z"}
{"erro":"Divergência de valor no título 108331/C","level":"error","message":"❌ Erro no título 108331/C","service":"btg-baixa-titulos-service","status":"ERRO_CONSULTA","timestamp":"2026-05-09T03:27:00.595Z"}
{"erro":"Divergência de valor no título 108324/C","level":"error","message":"❌ Erro no título 108324/C","service":"btg-baixa-titulos-service","status":"ERRO_CONSULTA","timestamp":"2026-05-09T03:27:00.738Z"}
{"erro":"Divergência de valor no título 108321/C","level":"error","message":"❌ Erro no título 108321/C","service":"btg-baixa-titulos-service","status":"ERRO_CONSULTA","timestamp":"2026-05-09T03:27:00.763Z"}
{"erro":"Divergência de valor no título 108322/C","level":"error","message":"❌ Erro no título 108322/C","service":"btg-baixa-titulos-service","status":"ERRO_CONSULTA","timestamp":"2026-05-09T03:27:00.790Z"}
{"erro":"Divergência de valor no título 108320/C","level":"error","message":"❌ Erro no título 108320/C","service":"btg-baixa-titulos-service","status":"ERRO_CONSULTA","timestamp":"2026-05-09T03:27:00.811Z"}
{"erro":"Divergência de valor no título 108317/E","level":"error","message":"❌ Erro no título 108317/E","service":"btg-baixa-titulos-service","status":"ERRO_CONSULTA","timestamp":"2026-05-09T03:27:00.954Z"}
{"erro":"Divergência de valor no título 108317/H","level":"error","message":"❌ Erro no título 108317/H","service":"btg-baixa-titulos-service","status":"ERRO_CONSULTA","timestamp":"2026-05-09T03:27:01.607Z"}
{"erro":"Divergência de valor no título 108327/D","level":"error","message":"❌ Erro no título 108327/D","service":"btg-baixa-titulos-service","status":"ERRO_CONSULTA","timestamp":"2026-05-09T03:27:01.625Z"}
{"erro":"Divergência de valor no título 108317/D","level":"error","message":"❌ Erro no título 108317/D","service":"btg-baixa-titulos-service","status":"ERRO_CONSULTA","timestamp":"2026-05-09T03:27:01.667Z"}
{"erro":"Divergência de valor no título 108317/C","level":"error","message":"❌ Erro no título 108317/C","service":"btg-baixa-titulos-service","status":"ERRO_CONSULTA","timestamp":"2026-05-09T03:27:01.684Z"}
{"erro":"Divergência de valor no título 108317/G","level":"error","message":"❌ Erro no título 108317/G","service":"btg-baixa-titulos-service","status":"ERRO_CONSULTA","timestamp":"2026-05-09T03:27:01.764Z"}
{"erro":"Divergência de valor no título 108331/B","level":"error","message":"❌ Erro no título 108331/B","service":"btg-baixa-titulos-service","status":"ERRO_CONSULTA","timestamp":"2026-05-09T03:27:02.085Z"}
{"erro":"Divergência de valor no título 108324/B","level":"error","message":"❌ Erro no título 108324/B","service":"btg-baixa-titulos-service","status":"ERRO_CONSULTA","timestamp":"2026-05-09T03:27:02.222Z"}
{"erro":"Divergência de valor no título 108320/B","level":"error","message":"❌ Erro no título 108320/B","service":"btg-baixa-titulos-service","status":"ERRO_CONSULTA","timestamp":"2026-05-09T03:27:02.275Z"}
{"erro":"Divergência de valor no título 108331/A","level":"error","message":"❌ Erro no título 108331/A","service":"btg-baixa-titulos-service","status":"ERRO_CONSULTA","timestamp":"2026-05-09T03:27:03.314Z"}
{"erro":"Divergência de valor no título 108317/B","level":"error","message":"❌ Erro no título 108317/B","service":"btg-baixa-titulos-service","status":"ERRO_CONSULTA","timestamp":"2026-05-09T03:27:03.336Z"}
{"erro":"Divergência de valor no título 108324/A","level":"error","message":"❌ Erro no título 108324/A","service":"btg-baixa-titulos-service","status":"ERRO_CONSULTA","timestamp":"2026-05-09T03:27:03.423Z"}
{"erro":"Divergência de valor no título 108322/A","level":"error","message":"❌ Erro no título 108322/A","service":"btg-baixa-titulos-service","status":"ERRO_CONSULTA","timestamp":"2026-05-09T03:27:03.471Z"}
{"erro":"Divergência de valor no título 108321/A","level":"error","message":"❌ Erro no título 108321/A","service":"btg-baixa-titulos-service","status":"ERRO_CONSULTA","timestamp":"2026-05-09T03:27:03.574Z"}
{"erro":"Divergência de valor no título 108320/A","level":"error","message":"❌ Erro no título 108320/A","service":"btg-baixa-titulos-service","status":"ERRO_CONSULTA","timestamp":"2026-05-09T03:27:03.619Z"}
{"erro":"Divergência de valor no título 108317/A","level":"error","message":"❌ Erro no título 108317/A","service":"btg-baixa-titulos-service","status":"ERRO_CONSULTA","timestamp":"2026-05-09T03:27:03.643Z"}
{"erro":"Título não localizado: 1575/3","level":"error","message":"❌ Erro no título 1575/3","service":"btg-baixa-titulos-service","status":"ERRO_CONSULTA","timestamp":"2026-05-09T03:27:04.528Z"}
{"erro":"Título não localizado: 1575/2","level":"error","message":"❌ Erro no título 1575/2","service":"btg-baixa-titulos-service","status":"ERRO_CONSULTA","timestamp":"2026-05-09T03:27:04.634Z"}
{"erro":"Título não localizado: 1575/1","level":"error","message":"❌ Erro no título 1575/1","service":"btg-baixa-titulos-service","status":"ERRO_CONSULTA","timestamp":"2026-05-09T03:27:04.684Z"}
{"erro":"Título não localizado: 01329811","level":"error","message":"❌ Erro no título 01329811","service":"btg-baixa-titulos-service","status":"ERRO_CONSULTA","timestamp":"2026-05-09T03:27:04.783Z"}
{"erro":"Título não localizado: 06-VL","level":"error","message":"❌ Erro no título 06-VL","service":"btg-baixa-titulos-service","status":"ERRO_CONSULTA","timestamp":"2026-05-09T03:27:04.807Z"}
{"erro":"Título não localizado: 06-VL","level":"error","message":"❌ Erro no título 06-VL","service":"btg-baixa-titulos-service","status":"ERRO_CONSULTA","timestamp":"2026-05-09T03:27:04.830Z"}
{"erro":"Título não localizado: CORRE 120558","level":"error","message":"❌ Erro no título CORRE 120558","service":"btg-baixa-titulos-service","status":"ERRO_CONSULTA","timestamp":"2026-05-09T03:52:10.562Z"}
{"erro":"Título não localizado: 120775","level":"error","message":"❌ Erro no título 120775","service":"btg-baixa-titulos-service","status":"ERRO_CONSULTA","timestamp":"2026-05-09T03:52:10.637Z"}
{"erro":"Divergência de valor no título 120620","level":"error","message":"❌ Erro no título 120620","service":"btg-baixa-titulos-service","status":"ERRO_CONSULTA","timestamp":"2026-05-09T03:52:10.661Z"}
{"erro":"Título não localizado: FRE 119328","level":"error","message":"❌ Erro no título FRE 119328","service":"btg-baixa-titulos-service","status":"ERRO_CONSULTA","timestamp":"2026-05-09T03:52:10.713Z"}
{"erro":"Divergência de valor no título 117845/B","level":"error","message":"❌ Erro no título 117845/B","service":"btg-baixa-titulos-service","status":"ERRO_CONSULTA","timestamp":"2026-05-09T03:52:14.317Z"}
{"erro":"Divergência de valor no título 116069/B","level":"error","message":"❌ Erro no título 116069/B","service":"btg-baixa-titulos-service","status":"ERRO_CONSULTA","timestamp":"2026-05-09T03:52:14.980Z"}
{"erro":"Título não localizado: 79825/C","level":"error","message":"❌ Erro no título 79825/C","service":"btg-baixa-titulos-service","status":"ERRO_CONSULTA","timestamp":"2026-05-09T03:52:16.404Z"}
{"erro":"Título não localizado: 79831/B","level":"error","message":"❌ Erro no título 79831/B","service":"btg-baixa-titulos-service","status":"ERRO_CONSULTA","timestamp":"2026-05-09T03:52:16.502Z"}
{"erro":"Título não localizado: 79825/B","level":"error","message":"❌ Erro no título 79825/B","service":"btg-baixa-titulos-service","status":"ERRO_CONSULTA","timestamp":"2026-05-09T03:52:16.521Z"}
{"erro":"Título não localizado: 79831/A","level":"error","message":"❌ Erro no título 79831/A","service":"btg-baixa-titulos-service","status":"ERRO_CONSULTA","timestamp":"2026-05-09T03:52:16.550Z"}
{"erro":"Título não localizado: 79825/A","level":"error","message":"❌ Erro no título 79825/A","service":"btg-baixa-titulos-service","status":"ERRO_CONSULTA","timestamp":"2026-05-09T03:52:16.684Z"}
{"erro":"Divergência de valor no título 111992","level":"error","message":"❌ Erro no título 111992","service":"btg-baixa-titulos-service","status":"ERRO_CONSULTA","timestamp":"2026-05-09T03:52:16.726Z"}
{"erro":"Título não localizado: 38105/A","level":"error","message":"❌ Erro no título 38105/A","service":"btg-baixa-titulos-service","status":"ERRO_CONSULTA","timestamp":"2026-05-09T03:52:17.444Z"}
{"erro":"Divergência de valor no título 110754/D","level":"error","message":"❌ Erro no título 110754/D","service":"btg-baixa-titulos-service","status":"ERRO_CONSULTA","timestamp":"2026-05-09T03:52:21.219Z"}
{"erro":"Divergência de valor no título 110754/C","level":"error","message":"❌ Erro no título 110754/C","service":"btg-baixa-titulos-service","status":"ERRO_CONSULTA","timestamp":"2026-05-09T03:52:21.238Z"}
{"erro":"Divergência de valor no título 110754/B","level":"error","message":"❌ Erro no título 110754/B","service":"btg-baixa-titulos-service","status":"ERRO_CONSULTA","timestamp":"2026-05-09T03:52:21.264Z"}
{"erro":"Divergência de valor no título 110754/A","level":"error","message":"❌ Erro no título 110754/A","service":"btg-baixa-titulos-service","status":"ERRO_CONSULTA","timestamp":"2026-05-09T03:52:21.460Z"}
{"erro":"Título não localizado: 37614/E","level":"error","message":"❌ Erro no título 37614/E","service":"btg-baixa-titulos-service","status":"ERRO_CONSULTA","timestamp":"2026-05-09T03:52:21.568Z"}
{"erro":"Título não localizado: 37614/D","level":"error","message":"❌ Erro no título 37614/D","service":"btg-baixa-titulos-service","status":"ERRO_CONSULTA","timestamp":"2026-05-09T03:52:21.614Z"}
{"erro":"Título não localizado: 37614/C","level":"error","message":"❌ Erro no título 37614/C","service":"btg-baixa-titulos-service","status":"ERRO_CONSULTA","timestamp":"2026-05-09T03:52:21.636Z"}
{"erro":"Título não localizado: 37614/B","level":"error","message":"❌ Erro no título 37614/B","service":"btg-baixa-titulos-service","status":"ERRO_CONSULTA","timestamp":"2026-05-09T03:52:21.655Z"}
{"erro":"Título não localizado: 37614/A","level":"error","message":"❌ Erro no título 37614/A","service":"btg-baixa-titulos-service","status":"ERRO_CONSULTA","timestamp":"2026-05-09T03:52:21.697Z"}
{"erro":"Divergência de valor no título 106115/A","level":"error","message":"❌ Erro no título 106115/A","service":"btg-baixa-titulos-service","status":"ERRO_CONSULTA","timestamp":"2026-05-09T03:52:23.561Z"}
{"erro":"Divergência de valor no título 106115/B","level":"error","message":"❌ Erro no título 106115/B","service":"btg-baixa-titulos-service","status":"ERRO_CONSULTA","timestamp":"2026-05-09T03:52:23.585Z"}
{"erro":"Título não localizado: 109075/C","level":"error","message":"❌ Erro no título 109075/C","service":"btg-baixa-titulos-service","status":"ERRO_CONSULTA","timestamp":"2026-05-09T03:52:23.708Z"}
{"erro":"Título não localizado: RA-06-11","level":"error","message":"❌ Erro no título RA-06-11","service":"btg-baixa-titulos-service","status":"ERRO_CONSULTA","timestamp":"2026-05-09T03:52:23.727Z"}
{"erro":"Divergência de valor no título 108317/F","level":"error","message":"❌ Erro no título 108317/F","service":"btg-baixa-titulos-service","status":"ERRO_CONSULTA","timestamp":"2026-05-09T03:52:23.768Z"}
{"erro":"Divergência de valor no título 108331/C","level":"error","message":"❌ Erro no título 108331/C","service":"btg-baixa-titulos-service","status":"ERRO_CONSULTA","timestamp":"2026-05-09T03:52:23.789Z"}
{"erro":"Divergência de valor no título 108324/C","level":"error","message":"❌ Erro no título 108324/C","service":"btg-baixa-titulos-service","status":"ERRO_CONSULTA","timestamp":"2026-05-09T03:52:23.893Z"}
{"erro":"Divergência de valor no título 108321/C","level":"error","message":"❌ Erro no título 108321/C","service":"btg-baixa-titulos-service","status":"ERRO_CONSULTA","timestamp":"2026-05-09T03:52:23.912Z"}
{"erro":"Divergência de valor no título 108322/C","level":"error","message":"❌ Erro no título 108322/C","service":"btg-baixa-titulos-service","status":"ERRO_CONSULTA","timestamp":"2026-05-09T03:52:24.021Z"}
{"erro":"Divergência de valor no título 108320/C","level":"error","message":"❌ Erro no título 108320/C","service":"btg-baixa-titulos-service","status":"ERRO_CONSULTA","timestamp":"2026-05-09T03:52:24.045Z"}
{"erro":"Divergência de valor no título 108317/E","level":"error","message":"❌ Erro no título 108317/E","service":"btg-baixa-titulos-service","status":"ERRO_CONSULTA","timestamp":"2026-05-09T03:52:24.093Z"}
{"erro":"Divergência de valor no título 108317/H","level":"error","message":"❌ Erro no título 108317/H","service":"btg-baixa-titulos-service","status":"ERRO_CONSULTA","timestamp":"2026-05-09T03:52:24.724Z"}
{"erro":"Divergência de valor no título 108327/D","level":"error","message":"❌ Erro no título 108327/D","service":"btg-baixa-titulos-service","status":"ERRO_CONSULTA","timestamp":"2026-05-09T03:52:24.744Z"}
{"erro":"Divergência de valor no título 108317/D","level":"error","message":"❌ Erro no título 108317/D","service":"btg-baixa-titulos-service","status":"ERRO_CONSULTA","timestamp":"2026-05-09T03:52:24.793Z"}
{"erro":"Divergência de valor no título 108317/C","level":"error","message":"❌ Erro no título 108317/C","service":"btg-baixa-titulos-service","status":"ERRO_CONSULTA","timestamp":"2026-05-09T03:52:24.813Z"}
{"erro":"Divergência de valor no título 108317/G","level":"error","message":"❌ Erro no título 108317/G","service":"btg-baixa-titulos-service","status":"ERRO_CONSULTA","timestamp":"2026-05-09T03:52:24.873Z"}
{"erro":"Divergência de valor no título 108331/B","level":"error","message":"❌ Erro no título 108331/B","service":"btg-baixa-titulos-service","status":"ERRO_CONSULTA","timestamp":"2026-05-09T03:52:25.227Z"}
{"erro":"Divergência de valor no título 108324/B","level":"error","message":"❌ Erro no título 108324/B","service":"btg-baixa-titulos-service","status":"ERRO_CONSULTA","timestamp":"2026-05-09T03:52:25.352Z"}
{"erro":"Divergência de valor no título 108320/B","level":"error","message":"❌ Erro no título 108320/B","service":"btg-baixa-titulos-service","status":"ERRO_CONSULTA","timestamp":"2026-05-09T03:52:25.404Z"}
{"erro":"Divergência de valor no título 108331/A","level":"error","message":"❌ Erro no título 108331/A","service":"btg-baixa-titulos-service","status":"ERRO_CONSULTA","timestamp":"2026-05-09T03:52:26.438Z"}
{"erro":"Divergência de valor no título 108317/B","level":"error","message":"❌ Erro no título 108317/B","service":"btg-baixa-titulos-service","status":"ERRO_CONSULTA","timestamp":"2026-05-09T03:52:26.463Z"}
{"erro":"Divergência de valor no título 108324/A","level":"error","message":"❌ Erro no título 108324/A","service":"btg-baixa-titulos-service","status":"ERRO_CONSULTA","timestamp":"2026-05-09T03:52:26.660Z"}
{"erro":"Divergência de valor no título 108322/A","level":"error","message":"❌ Erro no título 108322/A","service":"btg-baixa-titulos-service","status":"ERRO_CONSULTA","timestamp":"2026-05-09T03:52:26.704Z"}
{"erro":"Divergência de valor no título 108321/A","level":"error","message":"❌ Erro no título 108321/A","service":"btg-baixa-titulos-service","status":"ERRO_CONSULTA","timestamp":"2026-05-09T03:52:26.735Z"}
{"erro":"Divergência de valor no título 108320/A","level":"error","message":"❌ Erro no título 108320/A","service":"btg-baixa-titulos-service","status":"ERRO_CONSULTA","timestamp":"2026-05-09T03:52:26.777Z"}
{"erro":"Divergência de valor no título 108317/A","level":"error","message":"❌ Erro no título 108317/A","service":"btg-baixa-titulos-service","status":"ERRO_CONSULTA","timestamp":"2026-05-09T03:52:26.799Z"}
{"erro":"Título não localizado: 1575/3","level":"error","message":"❌ Erro no título 1575/3","service":"btg-baixa-titulos-service","status":"ERRO_CONSULTA","timestamp":"2026-05-09T03:52:27.750Z"}
{"erro":"Título não localizado: 1575/2","level":"error","message":"❌ Erro no título 1575/2","service":"btg-baixa-titulos-service","status":"ERRO_CONSULTA","timestamp":"2026-05-09T03:52:27.775Z"}
{"erro":"Título não localizado: 1575/1","level":"error","message":"❌ Erro no título 1575/1","service":"btg-baixa-titulos-service","status":"ERRO_CONSULTA","timestamp":"2026-05-09T03:52:27.819Z"}
{"erro":"Título não localizado: 01329811","level":"error","message":"❌ Erro no título 01329811","service":"btg-baixa-titulos-service","status":"ERRO_CONSULTA","timestamp":"2026-05-09T03:52:27.911Z"}
{"erro":"Título não localizado: 06-VL","level":"error","message":"❌ Erro no título 06-VL","service":"btg-baixa-titulos-service","status":"ERRO_CONSULTA","timestamp":"2026-05-09T03:52:27.932Z"}
{"erro":"Título não localizado: 06-VL","level":"error","message":"❌ Erro no título 06-VL","service":"btg-baixa-titulos-service","status":"ERRO_CONSULTA","timestamp":"2026-05-09T03:52:27.954Z"}
